Component: ARM Compiler 5.06 update 4 (build 422) Tool: armlink [4d35d2]

==============================================================================

Section Cross References

    startup_stm32f411xe.o(RESET) refers to startup_stm32f411xe.o(STACK) for __initial_sp
    startup_stm32f411xe.o(RESET) refers to startup_stm32f411xe.o(.text) for Reset_Handler
    startup_stm32f411xe.o(RESET) refers to stm32f4xx_it.o(i.NMI_Handler) for NMI_Handler
    startup_stm32f411xe.o(RESET) refers to stm32f4xx_it.o(i.HardFault_Handler) for HardFault_Handler
    startup_stm32f411xe.o(RESET) refers to stm32f4xx_it.o(i.MemManage_Handler) for MemManage_Handler
    startup_stm32f411xe.o(RESET) refers to stm32f4xx_it.o(i.BusFault_Handler) for BusFault_Handler
    startup_stm32f411xe.o(RESET) refers to stm32f4xx_it.o(i.UsageFault_Handler) for UsageFault_Handler
    startup_stm32f411xe.o(RESET) refers to stm32f4xx_it.o(i.SVC_Handler) for SVC_Handler
    startup_stm32f411xe.o(RESET) refers to stm32f4xx_it.o(i.DebugMon_Handler) for DebugMon_Handler
    startup_stm32f411xe.o(RESET) refers to stm32f4xx_it.o(i.PendSV_Handler) for PendSV_Handler
    startup_stm32f411xe.o(RESET) refers to bsp.o(i.SysTick_Handler) for SysTick_Handler
    startup_stm32f411xe.o(RESET) refers to stm32f4xx_it.o(i.ADC_IRQHandler) for ADC_IRQHandler
    startup_stm32f411xe.o(RESET) refers to stm32f4xx_it.o(i.USART1_IRQHandler) for USART1_IRQHandler
    startup_stm32f411xe.o(RESET) refers to stm32f4xx_it.o(i.DMA2_Stream0_IRQHandler) for DMA2_Stream0_IRQHandler
    startup_stm32f411xe.o(RESET) refers to stm32f4xx_it.o(i.DMA2_Stream1_IRQHandler) for DMA2_Stream1_IRQHandler
    startup_stm32f411xe.o(RESET) refers to stm32f4xx_it.o(i.DMA2_Stream2_IRQHandler) for DMA2_Stream2_IRQHandler
    startup_stm32f411xe.o(RESET) refers to stm32f4xx_it.o(i.DMA2_Stream6_IRQHandler) for DMA2_Stream6_IRQHandler
    startup_stm32f411xe.o(RESET) refers to stm32f4xx_it.o(i.DMA2_Stream7_IRQHandler) for DMA2_Stream7_IRQHandler
    startup_stm32f411xe.o(RESET) refers to stm32f4xx_it.o(i.USART6_IRQHandler) for USART6_IRQHandler
    startup_stm32f411xe.o(.text) refers to system_stm32f4xx.o(i.SystemInit) for SystemInit
    startup_stm32f411xe.o(.text) refers to entry.o(.ARM.Collect$$$$00000000) for __main
    myuart.o(i.uart_Driver_Init) refers to uartidle.o(i.User_uart_init) for User_uart_init
    myuart.o(i.uart_Driver_Init) refers to myuart.o(.bss) for .bss
    myuart.o(i.uart_Driver_Init) refers to uartidle.o(i.UsartReceive_IDLE) for UsartReceive_IDLE
    myuart.o(i.uart_Driver_Init) refers to uartidle.o(i.user_send_nbyte) for user_send_nbyte
    ringbuffer.o(i.rbCanRead) refers to ringbuffer.o(i.rbCapacity) for rbCapacity
    ringbuffer.o(i.rbCanWrite) refers to ringbuffer.o(i.rbCapacity) for rbCapacity
    ringbuffer.o(i.rbCanWrite) refers to ringbuffer.o(i.rbCanRead) for rbCanRead
    ringbuffer.o(i.rbInit) refers to ringbuffer.o(i.rbCreate) for rbCreate
    ringbuffer.o(i.rbRead) refers to ringbuffer.o(i.rbCanRead) for rbCanRead
    ringbuffer.o(i.rbRead) refers to ringbuffer.o(i.rbCapacity) for rbCapacity
    ringbuffer.o(i.rbRead) refers to memcpya.o(.text) for __aeabi_memcpy
    ringbuffer.o(i.rbWrite) refers to ringbuffer.o(i.rbCanWrite) for rbCanWrite
    ringbuffer.o(i.rbWrite) refers to ringbuffer.o(i.rbCapacity) for rbCapacity
    ringbuffer.o(i.rbWrite) refers to memcpya.o(.text) for __aeabi_memcpy
    uartidle.o(i.UsartReceive_IDLE) refers to memseta.o(.text) for __aeabi_memclr4
    uartidle.o(i.UsartReceive_IDLE) refers to ringbuffer.o(i.rbSetPtr) for rbSetPtr
    uartidle.o(i.UsartReceive_IDLE) refers to ringbuffer.o(i.rbCanRead) for rbCanRead
    uartidle.o(i.UsartReceive_IDLE) refers to ringbuffer.o(i.rbRead) for rbRead
    uartidle.o(i.UsartReceive_IDLE) refers to uartidle.o(i.user_send_nbyte) for user_send_nbyte
    uartidle.o(i.UsartReceive_IDLE) refers to usart.o(.bss) for huart1
    uartidle.o(i.User_uart_init) refers to stm32f4xx_hal_uart.o(i.HAL_UART_Receive_DMA) for HAL_UART_Receive_DMA
    uartidle.o(i.User_uart_init) refers to ringbuffer.o(i.rbInit) for rbInit
    uartidle.o(i.User_uart_init) refers to usart.o(.bss) for huart1
    uartidle.o(i.User_uart_init) refers to uartidle.o(.bss) for .bss
    uartidle.o(i.fputc) refers to stm32f4xx_hal_uart.o(i.HAL_UART_Transmit) for HAL_UART_Transmit
    uartidle.o(i.fputc) refers to usart.o(.bss) for huart1
    uartidle.o(i.user_send_nbyte) refers to stm32f4xx_hal_uart.o(i.HAL_UART_Transmit) for HAL_UART_Transmit
    bsp.o(i.QF_onClockTick) refers to qf_time.o(i.QF_tickX_) for QF_tickX_
    bsp.o(i.QF_onStartup) refers to system_stm32f4xx.o(.data) for SystemCoreClock
    bsp.o(i.SysTick_Handler) refers to stm32f4xx_hal.o(i.HAL_IncTick) for HAL_IncTick
    bsp.o(i.SysTick_Handler) refers to stm32f4xx_hal_cortex.o(i.HAL_SYSTICK_IRQHandler) for HAL_SYSTICK_IRQHandler
    bsp.o(i.SysTick_Handler) refers to qf_time.o(i.QF_tickX_) for QF_tickX_
[...]
    ../clib/microlib/init/entry.s            0x00000000   Number         0  entry8a.o ABSOLUTE
    ../clib/microlib/init/entry.s            0x00000000   Number         0  entry7b.o ABSOLUTE
    ../clib/microlib/init/entry.s            0x00000000   Number         0  entry7a.o ABSOLUTE
    ../clib/microlib/init/entry.s            0x00000000   Number         0  entry5.o ABSOLUTE
    ../clib/microlib/init/entry.s            0x00000000   Number         0  entry2.o ABSOLUTE
    ../clib/microlib/init/entry.s            0x00000000   Number         0  entry.o ABSOLUTE
    ../clib/microlib/longlong.c              0x00000000   Number         0  llsshr.o ABSOLUTE
    ../clib/microlib/longlong.c              0x00000000   Number         0  llshl.o ABSOLUTE
    ../clib/microlib/longlong.c              0x00000000   Number         0  llushr.o ABSOLUTE
    ../clib/microlib/printf/printf.c         0x00000000   Number         0  printf3.o ABSOLUTE
    ../clib/microlib/printf/printf.c         0x00000000   Number         0  printf7.o ABSOLUTE
    ../clib/microlib/printf/printf.c         0x00000000   Number         0  printf6.o ABSOLUTE
    ../clib/microlib/printf/printf.c         0x00000000   Number         0  printfb.o ABSOLUTE
    ../clib/microlib/printf/printf.c         0x00000000   Number         0  printf8.o ABSOLUTE
    ../clib/microlib/printf/printf.c         0x00000000   Number         0  printf5.o ABSOLUTE
    ../clib/microlib/printf/printf.c         0x00000000   Number         0  printf4.o ABSOLUTE
    ../clib/microlib/printf/printf.c         0x00000000   Number         0  printfa.o ABSOLUTE
    ../clib/microlib/printf/printf.c         0x00000000   Number         0  printf2.o ABSOLUTE
    ../clib/microlib/printf/printf.c         0x00000000   Number         0  printf1.o ABSOLUTE
    ../clib/microlib/printf/printf.c         0x00000000   Number         0  printf0.o ABSOLUTE
    ../clib/microlib/printf/stubs.s          0x00000000   Number         0  stubs.o ABSOLUTE
    ../clib/microlib/stdio/streams.c         0x00000000   Number         0  stdout.o ABSOLUTE
    ../clib/microlib/string/memcpy.c         0x00000000   Number         0  memcpya.o ABSOLUTE
    ../clib/microlib/string/memcpy.c         0x00000000   Number         0  memcpyb.o ABSOLUTE
    ../clib/microlib/string/memset.c         0x00000000   Number         0  memseta.o ABSOLUTE
    ../clib/microlib/stubs.s                 0x00000000   Number         0  iusefp.o ABSOLUTE
    ../fplib/microlib/d2f.c                  0x00000000   Number         0  d2f.o ABSOLUTE
    ../fplib/microlib/f2d.c                  0x00000000   Number         0  f2d.o ABSOLUTE
    ../fplib/microlib/fpadd.c                0x00000000   Number         0  dadd.o ABSOLUTE
    ../fplib/microlib/fpdiv.c                0x00000000   Number         0  ddiv.o ABSOLUTE
    ../fplib/microlib/fpepilogue.c           0x00000000   Number         0  fepilogue.o ABSOLUTE
    ../fplib/microlib/fpepilogue.c           0x00000000   Number         0  depilogue.o ABSOLUTE
    ../fplib/microlib/fpfix.c                0x00000000   Number         0  dfixul.o ABSOLUTE
    ../fplib/microlib/fpmul.c                0x00000000   Number         0  dmul.o ABSOLUTE
    ..\Drivers\STM32F4xx_HAL_Driver\Src\stm32f4xx_hal.c 0x00000000   Number         0  stm32f4xx_hal.o ABSOLUTE
    ..\Drivers\STM32F4xx_HAL_Driver\Src\stm32f4xx_hal_adc.c 0x00000000   Number         0  stm32f4xx_hal_adc.o ABSOLUTE
    ..\Drivers\STM32F4xx_HAL_Driver\Src\stm32f4xx_hal_adc_ex.c 0x00000000   Number         0  stm32f4xx_hal_adc_ex.o ABSOLUTE
    ..\Drivers\STM32F4xx_HAL_Driver\Src\stm32f4xx_hal_cortex.c 0x00000000   Number         0  stm32f4xx_hal_cortex.o ABSOLUTE
    ..\Drivers\STM32F4xx_HAL_Driver\Src\stm32f4xx_hal_dma.c 0x00000000   Number         0  stm32f4xx_hal_dma.o ABSOLUTE
    ..\Drivers\STM32F4xx_HAL_Driver\Src\stm32f4xx_hal_dma_ex.c 0x00000000   Number         0  stm32f4xx_hal_dma_ex.o ABSOLUTE
    ..\Drivers\STM32F4xx_HAL_Driver\Src\stm32f4xx_hal_flash.c 0x00000000   Number         0  stm32f4xx_hal_flash.o ABSOLUTE
    ..\Drivers\STM32F4xx_HAL_Driver\Src\stm32f4xx_hal_flash_ex.c 0x00000000   Number         0  stm32f4xx_hal_flash_ex.o ABSOLUTE
    ..\Drivers\STM32F4xx_HAL_Driver\Src\stm32f4xx_hal_flash_ramfunc.c 0x00000000   Number         0  stm32f4xx_hal_flash_ramfunc.o ABSOLUTE
    ..\Drivers\STM32F4xx_HAL_Driver\Src\stm32f4xx_hal_gpio.c 0x00000000   Number         0  stm32f4xx_hal_gpio.o ABSOLUTE
    ..\Drivers\STM32F4xx_HAL_Driver\Src\stm32f4xx_hal_pwr.c 0x00000000   Number         0  stm32f4xx_hal_pwr.o ABSOLUTE
    ..\Drivers\STM32F4xx_HAL_Driver\Src\stm32f4xx_hal_pwr_ex.c 0x00000000   Number         0  stm32f4xx_hal_pwr_ex.o ABSOLUTE
    ..\Drivers\STM32F4xx_HAL_Driver\Src\stm32f4xx_hal_rcc.c 0x00000000   Number         0  stm32f4xx_hal_rcc.o ABSOLUTE
    ..\Drivers\STM32F4xx_HAL_Driver\Src\stm32f4xx_hal_rcc_ex.c 0x00000000   Number         0  stm32f4xx_hal_rcc_ex.o ABSOLUTE
    ..\Drivers\STM32F4xx_HAL_Driver\Src\stm32f4xx_hal_tim.c 0x00000000   Number         0  stm32f4xx_hal_tim.o ABSOLUTE
    ..\Drivers\STM32F4xx_HAL_Driver\Src\stm32f4xx_hal_tim_ex.c 0x00000000   Number         0  stm32f4xx_hal_tim_ex.o ABSOLUTE
    ..\Drivers\STM32F4xx_HAL_Driver\Src\stm32f4xx_hal_uart.c 0x00000000   Number         0  stm32f4xx_hal_uart.o ABSOLUTE
    ..\QPC\qv_port\qv_port.c                 0x00000000   Number         0  qv_port.o ABSOLUTE
    ..\QPC\src\qf\qep_hsm.c                  0x00000000   Number         0  qep_hsm.o ABSOLUTE
    ..\QPC\src\qf\qep_msm.c                  0x00000000   Number         0  qep_msm.o ABSOLUTE
    ..\QPC\src\qf\qf_act.c                   0x00000000   Number         0  qf_act.o ABSOLUTE
    ..\QPC\src\qf\qf_actq.c                  0x00000000   Number         0  qf_actq.o ABSOLUTE
    ..\QPC\src\qf\qf_defer.c                 0x00000000   Number         0  qf_defer.o ABSOLUTE
    ..\QPC\src\qf\qf_dyn.c                   0x00000000   Number         0  qf_dyn.o ABSOLUTE
    ..\QPC\src\qf\qf_mem.c                   0x00000000   Number         0  qf_mem.o ABSOLUTE
    ..\QPC\src\qf\qf_ps.c                    0x00000000   Number         0  qf_ps.o ABSOLUTE
    ..\QPC\src\qf\qf_qact.c                  0x00000000   Number         0  qf_qact.o ABSOLUTE
    ..\QPC\src\qf\qf_qeq.c                   0x00000000   Number         0  qf_qeq.o ABSOLUTE
    ..\QPC\src\qf\qf_qmact.c                 0x00000000   Number         0  qf_qmact.o ABSOLUTE
    ..\QPC\src\qf\qf_time.c                  0x00000000   Number         0  qf_time.o ABSOLUTE
    ..\QPC\src\qv\qv.c                       0x00000000   Number         0  qv.o ABSOLUTE
    ..\Src\AO_user.c                         0x00000000   Number         0  ao_user.o ABSOLUTE
    ..\Src\adc.c                             0x00000000   Number         0  adc.o ABSOLUTE
    ..\Src\bsp.c                             0x00000000   Number         0  bsp.o ABSOLUTE
    ..\Src\dma.c                             0x00000000   Number         0  dma.o ABSOLUTE
    ..\Src\gpio.c                            0x00000000   Number         0  gpio.o ABSOLUTE
    ..\Src\main.c                            0x00000000   Number         0  main.o ABSOLUTE
    ..\Src\myuart.c                          0x00000000   Number         0  myuart.o ABSOLUTE
    ..\Src\ringbuffer.c                      0x00000000   Number         0  ringbuffer.o ABSOLUTE
    ..\Src\stm32f4xx_hal_msp.c               0x00000000   Number         0  stm32f4xx_hal_msp.o ABSOLUTE
    ..\Src\stm32f4xx_it.c                    0x00000000   Number         0  stm32f4xx_it.o ABSOLUTE
    ..\Src\uartidle.c                        0x00000000   Number         0  uartidle.o ABSOLUTE
    ..\Src\usart.c                           0x00000000   Number         0  usart.o ABSOLUTE
    ..\\Src\\AO_user.c                       0x00000000   Number         0  ao_user.o ABSOLUTE
    ..\\Src\\bsp.c                           0x00000000   Number         0  bsp.o ABSOLUTE
    ..\\Src\\myuart.c                        0x00000000   Number         0  myuart.o ABSOLUTE
    ..\\Src\\uartidle.c                      0x00000000   Number         0  uartidle.o ABSOLUTE
    ..\\Src\system_stm32f4xx.c               0x00000000   Number         0  system_stm32f4xx.o ABSOLUTE
    cdrcmple.s                               0x00000000   Number         0  cdrcmple.o ABSOLUTE
    dc.s                                     0x00000000   Number         0  dc.o ABSOLUTE
    handlers.s                               0x00000000   Number         0  handlers.o ABSOLUTE
    init.s                                   0x00000000   Number         0  init.o ABSOLUTE
    startup_stm32f411xe.s                    0x00000000   Number         0  startup_stm32f411xe.o ABSOLUTE
    RESET                                    0x08000000   Section      408  startup_stm32f411xe.o(RESET)
    .ARM.Collect$$$$00000000                 0x08000198   Section        0  entry.o(.ARM.Collect$$$$00000000)
    .ARM.Collect$$$$00000001                 0x08000198   Section        4  entry2.o(.ARM.Collect$$$$00000001)
    .ARM.Collect$$$$00000004                 0x0800019c   Section        4  entry5.o(.ARM.Collect$$$$00000004)
    .ARM.Collect$$$$00000008                 0x080001a0   Section        0  entry7b.o(.ARM.Collect$$$$00000008)
    .ARM.Collect$$$$0000000A                 0x080001a0   Section        0  entry8b.o(.ARM.Collect$$$$0000000A)
    .ARM.Collect$$$$0000000B                 0x080001a0   Section        8  entry9a.o(.ARM.Collect$$$$0000000B)
    .ARM.Collect$$$$0000000D                 0x080001a8   Section        0  entry10a.o(.ARM.Collect$$$$0000000D)
    .ARM.Collect$$$$0000000F                 0x080001a8   Section        0  entry11a.o(.ARM.Collect$$$$0000000F)
    .ARM.Collect$$$$00002712                 0x080001a8   Section        4  entry2.o(.ARM.Collect$$$$00002712)
    __lit__00000000                          0x080001a8   Data           4  entry2.o(.ARM.Collect$$$$00002712)
    .text                                    0x080001ac   Section       36  startup_stm32f411xe.o(.text)
    $v0                                      0x080001ac   Number         0  startup_stm32f411xe.o(.text)
    .text                                    0x080001d0   Section        0  uldiv.o(.text)
    .text                                    0x08000232   Section        0  memcpya.o(.text)
    .text                                    0x08000256   Section        0  memseta.o(.text)
    .text                                    0x0800027a   Section        0  dmul.o(.text)
    .text                                    0x0800035e   Section        0  ddiv.o(.text)
    .text                                    0x0800043c   Section        0  f2d.o(.text)
    .text                                    0x08000462   Section        0  d2f.o(.text)
    .text                                    0x0800049a   Section        0  uidiv.o(.text)
    .text                                    0x080004c6   Section        0  llshl.o(.text)
    .text                                    0x080004e4   Section        0  llushr.o(.text)
    .text                                    0x08000504   Section        0  fepilogue.o(.text)
    .text                                    0x08000504   Section        0  iusefp.o(.text)
    .text                                    0x08000572   Section        0  depilogue.o(.text)
    .text                                    0x0800062c   Section        0  dadd.o(.text)
    .text                                    0x0800077a   Section        0  dfixul.o(.text)
    .text                                    0x080007ac   Section       48  cdrcmple.o(.text)
    .text                                    0x080007dc   Section       36  init.o(.text)
    .text                                    0x08000800   Section        0  llsshr.o(.text)
    i.ADC_DMAConvCplt                        0x08000824   Section        0  stm32f4xx_hal_adc.o(i.ADC_DMAConvCplt)
    ADC_DMAConvCplt                          0x08000825   Thumb Code    98  stm32f4xx_hal_adc.o(i.ADC_DMAConvCplt)
    i.ADC_DMAError                           0x08000886   Section        0  stm32f4xx_hal_adc.o(i.ADC_DMAError)
    ADC_DMAError                             0x08000887   Thumb Code    22  stm32f4xx_hal_adc.o(i.ADC_DMAError)
    i.ADC_DMAHalfConvCplt                    0x0800089c   Section        0  stm32f4xx_hal_adc.o(i.ADC_DMAHalfConvCplt)
    ADC_DMAHalfConvCplt                      0x0800089d   Thumb Code    10  stm32f4xx_hal_adc.o(i.ADC_DMAHalfConvCplt)
    i.ADC_IRQHandler                         0x080008a8   Section        0  stm32f4xx_it.o(i.ADC_IRQHandler)
    i.ADC_Init                               0x080008b4   Section        0  stm32f4xx_hal_adc.o(i.ADC_Init)
    ADC_Init                                 0x080008b5   Thumb Code   280  stm32f4xx_hal_adc.o(i.ADC_Init)
    i.BusFault_Handler                       0x080009d8   Section        0  stm32f4xx_it.o(i.BusFault_Handler)
    i.DMA2_Stream0_IRQHandler                0x080009dc   Section        0  stm32f4xx_it.o(i.DMA2_Stream0_IRQHandler)
    i.DMA2_Stream1_IRQHandler                0x080009e8   Section        0  stm32f4xx_it.o(i.DMA2_Stream1_IRQHandler)
    i.DMA2_Stream2_IRQHandler                0x080009f4   Section        0  stm32f4xx_it.o(i.DMA2_Stream2_IRQHandler)
    i.DMA2_Stream6_IRQHandler                0x08000a00   Section        0  stm32f4xx_it.o(i.DMA2_Stream6_IRQHandler)
    i.DMA2_Stream7_IRQHandler                0x08000a0c   Section        0  stm32f4xx_it.o(i.DMA2_Stream7_IRQHandler)
    i.DMA_CalcBaseAndBitshift                0x08000a18   Section        0  stm32f4xx_hal_dma.o(i.DMA_CalcBaseAndBitshift)
    DMA_CalcBaseAndBitshift                  0x08000a19   Thumb Code    34  stm32f4xx_hal_dma.o(i.DMA_CalcBaseAndBitshift)
    i.DMA_CheckFifoParam                     0x08000a40   Section        0  stm32f4xx_hal_dma.o(i.DMA_CheckFifoParam)
    DMA_CheckFifoParam                       0x08000a41   Thumb Code    84  stm32f4xx_hal_dma.o(i.DMA_CheckFifoParam)
    i.DMA_SetConfig                          0x08000a94   Section        0  stm32f4xx_hal_dma.o(i.DMA_SetConfig)
    DMA_SetConfig                            0x08000a95   Thumb Code    40  stm32f4xx_hal_dma.o(i.DMA_SetConfig)
    i.DebugMon_Handler                       0x08000abc   Section        0  stm32f4xx_it.o(i.DebugMon_Handler)
    i.HAL_ADCEx_InjectedConvCpltCallback     0x08000abe   Section        0  stm32f4xx_hal_adc_ex.o(i.HAL_ADCEx_InjectedConvCpltCallback)
    i.HAL_ADC_ConfigChannel                  0x08000ac0   Section        0  stm32f4xx_hal_adc.o(i.HAL_ADC_ConfigChannel)
    i.HAL_ADC_ConvCpltCallback               0x08000c14   Section        0  stm32f4xx_hal_adc.o(i.HAL_ADC_ConvCpltCallback)
    i.HAL_ADC_ConvHalfCpltCallback           0x08000c16   Section        0  stm32f4xx_hal_adc.o(i.HAL_ADC_ConvHalfCpltCallback)
    i.HAL_ADC_ErrorCallback                  0x08000c18   Section        0  stm32f4xx_hal_adc.o(i.HAL_ADC_ErrorCallback)
    i.HAL_ADC_IRQHandler                     0x08000c1a   Section        0  stm32f4xx_hal_adc.o(i.HAL_ADC_IRQHandler)
    i.HAL_ADC_Init                           0x08000d56   Section        0  stm32f4xx_hal_adc.o(i.HAL_ADC_Init)
    i.HAL_ADC_LevelOutOfWindowCallback       0x08000daa   Section        0  stm32f4xx_hal_adc.o(i.HAL_ADC_LevelOutOfWindowCallback)
    i.HAL_ADC_MspInit                        0x08000dac   Section        0  adc.o(i.HAL_ADC_MspInit)
    i.HAL_ADC_Start_DMA                      0x08000e5c   Section        0  stm32f4xx_hal_adc.o(i.HAL_ADC_Start_DMA)
    i.HAL_DMA_Abort_IT                       0x08000f5c   Section        0  stm32f4xx_hal_dma.o(i.HAL_DMA_Abort_IT)
    i.HAL_DMA_IRQHandler                     0x08000f80   Section        0  stm32f4xx_hal_dma.o(i.HAL_DMA_IRQHandler)
    i.HAL_DMA_Init                           0x08001120   Section        0  stm32f4xx_hal_dma.o(i.HAL_DMA_Init)
    i.HAL_DMA_Start_IT                       0x080011f4   Section        0  stm32f4xx_hal_dma.o(i.HAL_DMA_Start_IT)
    i.HAL_GPIO_Init                          0x0800126c   Section        0  stm32f4xx_hal_gpio.o(i.HAL_GPIO_Init)
    i.HAL_GPIO_WritePin                      0x080013f4   Section        0  stm32f4xx_hal_gpio.o(i.HAL_GPIO_WritePin)
    i.HAL_GetTick                            0x08001400   Section        0  stm32f4xx_hal.o(i.HAL_GetTick)
    i.HAL_IncTick                            0x0800140c   Section        0  stm32f4xx_hal.o(i.HAL_IncTick)
    i.HAL_Init                               0x0800141c   Section        0  stm32f4xx_hal.o(i.HAL_Init)
    i.HAL_InitTick                           0x08001450   Section        0  stm32f4xx_hal.o(i.HAL_InitTick)
    i.HAL_MspInit                            0x08001490   Section        0  stm32f4xx_hal_msp.o(i.HAL_MspInit)
    i.HAL_NVIC_EnableIRQ                     0x08001514   Section        0  stm32f4xx_hal_cortex.o(i.HAL_NVIC_EnableIRQ)
    i.HAL_NVIC_SetPriority                   0x0800152c   Section        0  stm32f4xx_hal_cortex.o(i.HAL_NVIC_SetPriority)
    i.HAL_NVIC_SetPriorityGrouping           0x0800156c   Section        0  stm32f4xx_hal_cortex.o(i.HAL_NVIC_SetPriorityGrouping)
    i.HAL_RCC_ClockConfig                    0x08001590   Section        0  stm32f4xx_hal_rcc.o(i.HAL_RCC_ClockConfig)
    i.HAL_RCC_GetHCLKFreq                    0x080016c0   Section        0  stm32f4xx_hal_rcc.o(i.HAL_RCC_GetHCLKFreq)
    i.HAL_RCC_GetPCLK1Freq                   0x080016cc   Section        0  stm32f4xx_hal_rcc.o(i.HAL_RCC_GetPCLK1Freq)
    i.HAL_RCC_GetPCLK2Freq                   0x080016ec   Section        0  stm32f4xx_hal_rcc.o(i.HAL_RCC_GetPCLK2Freq)
    i.HAL_RCC_GetSysClockFreq                0x0800170c   Section        0  stm32f4xx_hal_rcc.o(i.HAL_RCC_GetSysClockFreq)
    i.HAL_RCC_OscConfig                      0x0800176c   Section        0  stm32f4xx_hal_rcc.o(i.HAL_RCC_OscConfig)
    i.HAL_SYSTICK_CLKSourceConfig            0x08001a88   Section        0  stm32f4xx_hal_cortex.o(i.HAL_SYSTICK_CLKSourceConfig)
    i.HAL_SYSTICK_Callback                   0x08001aa0   Section        0  stm32f4xx_hal_cortex.o(i.HAL_SYSTICK_Callback)
    i.HAL_SYSTICK_Config                     0x08001aa2   Section        0  stm32f4xx_hal_cortex.o(i.HAL_SYSTICK_Config)
    i.HAL_SYSTICK_IRQHandler                 0x08001aca   Section        0  stm32f4xx_hal_cortex.o(i.HAL_SYSTICK_IRQHandler)
    i.HAL_UART_ErrorCallback                 0x08001ad2   Section        0  stm32f4xx_hal_uart.o(i.HAL_UART_ErrorCallback)
    i.HAL_UART_IRQHandler                    0x08001ad4   Section        0  stm32f4xx_hal_uart.o(i.HAL_UART_IRQHandler)
    i.HAL_UART_Init                          0x08001be4   Section        0  stm32f4xx_hal_uart.o(i.HAL_UART_Init)
    i.HAL_UART_MspInit                       0x08001c48   Section        0  usart.o(i.HAL_UART_MspInit)
    i.HAL_UART_Receive_DMA                   0x08001dd8   Section        0  stm32f4xx_hal_uart.o(i.HAL_UART_Receive_DMA)
    i.HAL_UART_RxCpltCallback                0x08001e70   Section        0  stm32f4xx_hal_uart.o(i.HAL_UART_RxCpltCallback)
    i.HAL_UART_RxHalfCpltCallback            0x08001e72   Section        0  stm32f4xx_hal_uart.o(i.HAL_UART_RxHalfCpltCallback)
    i.HAL_UART_Transmit                      0x08001e74   Section        0  stm32f4xx_hal_uart.o(i.HAL_UART_Transmit)
    i.HAL_UART_TxCpltCallback                0x08001f2e   Section        0  stm32f4xx_hal_uart.o(i.HAL_UART_TxCpltCallback)
    i.HardFault_Handler                      0x08001f30   Section        0  stm32f4xx_it.o(i.HardFault_Handler)
    i.MX_ADC1_Init                           0x08001f34   Section        0  adc.o(i.MX_ADC1_Init)
    i.MX_DMA_Init                            0x08001fc0   Section        0  dma.o(i.MX_DMA_Init)
    i.MX_GPIO_Init                           0x0800202c   Section        0  gpio.o(i.MX_GPIO_Init)
    i.MX_USART1_UART_Init                    0x080020f0   Section        0  usart.o(i.MX_USART1_UART_Init)
    i.MX_USART6_UART_Init                    0x0800213c   Section        0  usart.o(i.MX_USART6_UART_Init)
    i.MemManage_Handler                      0x08002188   Section        0  stm32f4xx_it.o(i.MemManage_Handler)
    i.NMI_Handler                            0x0800218a   Section        0  stm32f4xx_it.o(i.NMI_Handler)
    i.NVIC_SetPriority                       0x0800218c   Section        0  stm32f4xx_hal_cortex.o(i.NVIC_SetPriority)
    NVIC_SetPriority                         0x0800218d   Thumb Code    32  stm32f4xx_hal_cortex.o(i.NVIC_SetPriority)
    i.PendSV_Handler                         0x080021ac   Section        0  stm32f4xx_it.o(i.PendSV_Handler)
    i.QActive_ctor                           0x080021b0   Section        0  qf_qact.o(i.QActive_ctor)
    i.QActive_get_                           0x080021d0   Section        0  qf_actq.o(i.QActive_get_)
    i.QActive_postLIFO_                      0x0800223c   Section        0  qf_actq.o(i.QActive_postLIFO_)
    i.QActive_post_                          0x080022b8   Section        0  qf_actq.o(i.QActive_post_)
    i.QActive_start_                         0x08002364   Section        0  qv.o(i.QActive_start_)
    i.QEQueue_init                           0x080023b0   Section        0  qf_qeq.o(i.QEQueue_init)
    i.QF_add_                                0x080023c8   Section        0  qf_act.o(i.QF_add_)
    i.QF_bzero                               0x08002404   Section        0  qf_act.o(i.QF_bzero)
    i.QF_gc                                  0x08002414   Section        0  qf_dyn.o(i.QF_gc)
    i.QF_init                                0x08002478   Section        0  qv.o(i.QF_init)
    i.QF_onStartup                           0x080024c0   Section        0  bsp.o(i.QF_onStartup)
    i.QF_poolInit                            0x080024f4   Section        0  qf_dyn.o(i.QF_poolInit)
    i.QF_psInit                              0x08002558   Section        0  qf_ps.o(i.QF_psInit)
    i.QF_run                                 0x08002568   Section        0  qv.o(i.QF_run)
    i.QF_tickX_                              0x080025e0   Section        0  qf_time.o(i.QF_tickX_)
    i.QHsm_ctor                              0x0800268c   Section        0  qep_hsm.o(i.QHsm_ctor)
    i.QHsm_dispatch_                         0x080026a0   Section        0  qep_hsm.o(i.QHsm_dispatch_)
    i.QHsm_init_                             0x08002790   Section        0  qep_hsm.o(i.QHsm_init_)
    i.QHsm_top                               0x08002824   Section        0  qep_hsm.o(i.QHsm_top)
    i.QHsm_tran_                             0x08002828   Section        0  qep_hsm.o(i.QHsm_tran_)
    QHsm_tran_                               0x08002829   Thumb Code   262  qep_hsm.o(i.QHsm_tran_)
    i.QMPool_init                            0x08002934   Section        0  qf_mem.o(i.QMPool_init)
    i.QMPool_put                             0x080029b4   Section        0  qf_mem.o(i.QMPool_put)
    i.QTicker_dispatch_                      0x080029f8   Section        0  qf_actq.o(i.QTicker_dispatch_)
    QTicker_dispatch_                        0x080029f9   Thumb Code    42  qf_actq.o(i.QTicker_dispatch_)
    i.QTicker_init_                          0x08002a22   Section        0  qf_actq.o(i.QTicker_init_)
    QTicker_init_                            0x08002a23   Thumb Code     6  qf_actq.o(i.QTicker_init_)
    i.QTicker_postLIFO_                      0x08002a28   Section        0  qf_actq.o(i.QTicker_postLIFO_)
    QTicker_postLIFO_                        0x08002a29   Thumb Code    10  qf_actq.o(i.QTicker_postLIFO_)
    i.QTicker_post_                          0x08002a38   Section        0  qf_actq.o(i.QTicker_post_)
    QTicker_post_                            0x08002a39   Thumb Code    58  qf_actq.o(i.QTicker_post_)
    i.QTimeEvt_armX                          0x08002a7c   Section        0  qf_time.o(i.QTimeEvt_armX)
    i.QTimeEvt_ctorX                         0x08002ae4   Section        0  qf_time.o(i.QTimeEvt_ctorX)
    i.QV_init                                0x08002b1c   Section        0  qv_port.o(i.QV_init)
    i.QV_onIdle                              0x08002b6c   Section        0  bsp.o(i.QV_onIdle)
    i.Q_onAssert                             0x08002b74   Section        0  bsp.o(i.Q_onAssert)
    i.SVC_Handler                            0x08002b76   Section        0  stm32f4xx_it.o(i.SVC_Handler)
    i.SysTick_Handler                        0x08002b78   Section        0  bsp.o(i.SysTick_Handler)
    i.SystemClock_Config                     0x08002b8c   Section        0  main.o(i.SystemClock_Config)
    i.SystemInit                             0x08002c28   Section        0  system_stm32f4xx.o(i.SystemInit)
    i.UART_DMAAbortOnError                   0x08002c7c   Section        0  stm32f4xx_hal_uart.o(i.UART_DMAAbortOnError)
    UART_DMAAbortOnError                     0x08002c7d   Thumb Code    16  stm32f4xx_hal_uart.o(i.UART_DMAAbortOnError)
    i.UART_DMAError                          0x08002c8c   Section        0  stm32f4xx_hal_uart.o(i.UART_DMAError)
    UART_DMAError                            0x08002c8d   Thumb Code    74  stm32f4xx_hal_uart.o(i.UART_DMAError)
    i.UART_DMAReceiveCplt                    0x08002cd6   Section        0  stm32f4xx_hal_uart.o(i.UART_DMAReceiveCplt)
    UART_DMAReceiveCplt                      0x08002cd7   Thumb Code    60  stm32f4xx_hal_uart.o(i.UART_DMAReceiveCplt)
    i.UART_DMARxHalfCplt                     0x08002d12   Section        0  stm32f4xx_hal_uart.o(i.UART_DMARxHalfCplt)
    UART_DMARxHalfCplt                       0x08002d13   Thumb Code    10  stm32f4xx_hal_uart.o(i.UART_DMARxHalfCplt)
    i.UART_EndRxTransfer                     0x08002d1c   Section        0  stm32f4xx_hal_uart.o(i.UART_EndRxTransfer)
    UART_EndRxTransfer                       0x08002d1d   Thumb Code    28  stm32f4xx_hal_uart.o(i.UART_EndRxTransfer)
    i.UART_EndTxTransfer                     0x08002d38   Section        0  stm32f4xx_hal_uart.o(i.UART_EndTxTransfer)
    UART_EndTxTransfer                       0x08002d39   Thumb Code    18  stm32f4xx_hal_uart.o(i.UART_EndTxTransfer)
    i.UART_Receive_IT                        0x08002d4a   Section        0  stm32f4xx_hal_uart.o(i.UART_Receive_IT)
    UART_Receive_IT                          0x08002d4b   Thumb Code   140  stm32f4xx_hal_uart.o(i.UART_Receive_IT)
    i.UART_SetConfig                         0x08002dd8   Section        0  stm32f4xx_hal_uart.o(i.UART_SetConfig)
    UART_SetConfig                           0x08002dd9   Thumb Code   676  stm32f4xx_hal_uart.o(i.UART_SetConfig)
    i.UART_Transmit_IT                       0x08003084   Section        0  stm32f4xx_hal_uart.o(i.UART_Transmit_IT)
    UART_Transmit_IT                         0x08003085   Thumb Code    98  stm32f4xx_hal_uart.o(i.UART_Transmit_IT)
    i.UART_WaitOnFlagUntilTimeout            0x080030e6   Section        0  stm32f4xx_hal_uart.o(i.UART_WaitOnFlagUntilTimeout)
    UART_WaitOnFlagUntilTimeout              0x080030e7   Thumb Code   100  stm32f4xx_hal_uart.o(i.UART_WaitOnFlagUntilTimeout)
    i.USART1_IRQHandler                      0x0800314c   Section        0  stm32f4xx_it.o(i.USART1_IRQHandler)
    i.USART6_IRQHandler                      0x0800316c   Section        0  stm32f4xx_it.o(i.USART6_IRQHandler)
    i.UsageFault_Handler                     0x0800318c   Section        0  stm32f4xx_it.o(i.UsageFault_Handler)
    i.UsartReceive_IDLE                      0x08003190   Section        0  uartidle.o(i.UsartReceive_IDLE)
    i.User_TimeEvt                           0x0800320c   Section        0  ao_user.o(i.User_TimeEvt)
    User_TimeEvt                             0x0800320d   Thumb Code    82  ao_user.o(i.User_TimeEvt)
    i.User_ctor                              0x08003280   Section        0  ao_user.o(i.User_ctor)
    i.User_initial                           0x080032a8   Section        0  ao_user.o(i.User_initial)
    User_initial                             0x080032a9   Thumb Code    24  ao_user.o(i.User_initial)
    i.User_uart_init                         0x080032c4   Section        0  uartidle.o(i.User_uart_init)
    i._Error_Handler                         0x08003324   Section        0  main.o(i._Error_Handler)
    i.__0printf                              0x08003328   Section        0  printfa.o(i.__0printf)
    i.__0sprintf                             0x08003348   Section        0  printfa.o(i.__0sprintf)
    i.__scatterload_copy                     0x08003370   Section       14  handlers.o(i.__scatterload_copy)
    i.__scatterload_null                     0x0800337e   Section        2  handlers.o(i.__scatterload_null)
    i.__scatterload_zeroinit                 0x08003380   Section       14  handlers.o(i.__scatterload_zeroinit)
    i._fp_digits                             0x08003390   Section        0  printfa.o(i._fp_digits)
    _fp_digits                               0x08003391   Thumb Code   366  printfa.o(i._fp_digits)
    i._printf_core                           0x08003514   Section        0  printfa.o(i._printf_core)
    _printf_core                             0x08003515   Thumb Code  1744  printfa.o(i._printf_core)
    i._printf_post_padding                   0x08003bf0   Section        0  printfa.o(i._printf_post_padding)
    _printf_post_padding                     0x08003bf1   Thumb Code    36  printfa.o(i._printf_post_padding)
    i._printf_pre_padding                    0x08003c14   Section        0  printfa.o(i._printf_pre_padding)
    _printf_pre_padding                      0x08003c15   Thumb Code    46  printfa.o(i._printf_pre_padding)
    i._sputc                                 0x08003c42   Section        0  printfa.o(i._sputc)
    _sputc                                   0x08003c43   Thumb Code    10  printfa.o(i._sputc)
    i.fputc                                  0x08003c4c   Section        0  uartidle.o(i.fputc)
    i.get_adc_average                        0x08003c64   Section        0  adc.o(i.get_adc_average)
    i.get_adc_mid                            0x08003ca8   Section        0  adc.o(i.get_adc_mid)
    i.get_rank_adc                           0x08003cec   Section        0  adc.o(i.get_rank_adc)
    i.main                                   0x08003d50   Section        0  main.o(i.main)
    i.rbCanRead                              0x08003ddc   Section        0  ringbuffer.o(i.rbCanRead)
    i.rbCapacity                             0x08003e0e   Section        0  ringbuffer.o(i.rbCapacity)
    i.rbCreate                               0x08003e1a   Section        0  ringbuffer.o(i.rbCreate)
    i.rbInit                                 0x08003e2c   Section        0  ringbuffer.o(i.rbInit)
    i.rbRead                                 0x08003e3c   Section        0  ringbuffer.o(i.rbRead)
    i.rbSetPtr                               0x08003eba   Section        0  ringbuffer.o(i.rbSetPtr)
    i.uart_Driver_Init                       0x08003ed8   Section        0  myuart.o(i.uart_Driver_Init)
    i.user_send_nbyte                        0x08003ef8   Section        0  uartidle.o(i.user_send_nbyte)
    .constdata                               0x08003f00   Section        4  ao_user.o(.constdata)
    .constdata                               0x08003f04   Section        8  stm32f4xx_hal_dma.o(.constdata)
    flagBitshiftOffset                       0x08003f04   Data           8  stm32f4xx_hal_dma.o(.constdata)
    .constdata                               0x08003f0c   Section       16  system_stm32f4xx.o(.constdata)
    .constdata                               0x08003f1c   Section        8  system_stm32f4xx.o(.constdata)
    .constdata                               0x08003f24   Section        3  qv.o(.constdata)
    Q_this_module_                           0x08003f24   Data           3  qv.o(.constdata)
    .constdata                               0x08003f28   Section       32  qep_hsm.o(.constdata)
    Q_this_module_                           0x08003f28   Data           8  qep_hsm.o(.constdata)
    vtbl                                     0x08003f30   Data           8  qep_hsm.o(.constdata)
    QEP_reservedEvt_                         0x08003f38   Data          16  qep_hsm.o(.constdata)
    .constdata                               0x08003f48   Section        7  qf_act.o(.constdata)
    Q_this_module_                           0x08003f48   Data           7  qf_act.o(.constdata)
    .constdata                               0x08003f50   Section       32  qf_actq.o(.constdata)
    tickEvt                                  0x08003f50   Data           4  qf_actq.o(.constdata)
    Q_this_module_                           0x08003f54   Data           8  qf_actq.o(.constdata)
    vtbl                                     0x08003f5c   Data          20  qf_actq.o(.constdata)
    .constdata                               0x08003f70   Section        7  qf_dyn.o(.constdata)
    Q_this_module_                           0x08003f70   Data           7  qf_dyn.o(.constdata)
    .constdata                               0x08003f77   Section        7  qf_mem.o(.constdata)
    Q_this_module_                           0x08003f77   Data           7  qf_mem.o(.constdata)
    .constdata                               0x08003f80   Section       20  qf_qact.o(.constdata)
    vtbl                                     0x08003f80   Data          20  qf_qact.o(.constdata)
    .constdata                               0x08003f94   Section        8  qf_time.o(.constdata)
    Q_this_module_                           0x08003f94   Data           8  qf_time.o(.constdata)
    .data                                    0x20000000   Section        4  main.o(.data)
    .data                                    0x20000004   Section       12  stm32f4xx_hal.o(.data)
    .data                                    0x20000010   Section        4  system_stm32f4xx.o(.data)
    .data                                    0x20000014   Section        4  qv.o(.data)
    .data                                    0x20000018   Section        4  qf_dyn.o(.data)
    .data                                    0x2000001c   Section        8  qf_ps.o(.data)
    .data                                    0x20000024   Section        4  stdout.o(.data)
    .bss                                     0x20000028   Section       12  myuart.o(.bss)
    .bss                                     0x20000034   Section     2084  uartidle.o(.bss)
    .bss                                     0x20000858   Section       48  ao_user.o(.bss)
    l_User                                   0x20000858   Data          48  ao_user.o(.bss)
    .bss                                     0x20000888   Section       24  main.o(.bss)
    .bss                                     0x200008a0   Section      112  main.o(.bss)
    User_queueSto                            0x200008a0   Data          40  main.o(.bss)
    subscrSto                                0x200008c8   Data          32  main.o(.bss)
    smlPoolSto                               0x200008e8   Data          40  main.o(.bss)
    .bss                                     0x20000910   Section       16  main.o(.bss)
    .bss                                     0x20000920   Section      168  adc.o(.bss)
    .bss                                     0x200009c8   Section      512  usart.o(.bss)
    .bss                                     0x20000bc8   Section      132  qf_act.o(.bss)
    .bss                                     0x20000c4c   Section       60  qf_dyn.o(.bss)
    .bss                                     0x20000c88   Section       32  qf_time.o(.bss)
    STACK                                    0x20000ca8   Section     4096  startup_stm32f411xe.o(STACK)

    Global Symbols

    Symbol Name                              Value     Ov Type        Size  Object(Section)

    BuildAttributes$$THM_ISAv4$E$P$D$K$B$S$7EM$VFPi3$EXTD16$VFPS$VFMA$PE$A:L22UL41UL21$X:L11$S22US41US21$IEEE1$IW$USESV6$~STKCKD$USESV7$~SHL$OTIME$ROPI$EBA8$MICROLIB$REQ8$PRES8$EABIv2 0x00000000   Number         0  anon$$obj.o ABSOLUTE
    __ARM_use_no_argv                        0x00000000   Number         0  main.o ABSOLUTE
    _printf_a                                0x00000000   Number         0  stubs.o ABSOLUTE
    _printf_c                                0x00000000   Number         0  stubs.o ABSOLUTE
    _printf_charcount                        0x00000000   Number         0  stubs.o ABSOLUTE
    _printf_d                                0x00000000   Number         0  stubs.o ABSOLUTE
    _printf_e                                0x00000000   Number         0  stubs.o ABSOLUTE
    _printf_f                                0x00000000   Number         0  stubs.o ABSOLUTE
    _printf_flags                            0x00000000   Number         0  stubs.o ABSOLUTE
    _printf_fp_dec                           0x00000000   Number         0  stubs.o ABSOLUTE
    _printf_fp_hex                           0x00000000   Number         0  stubs.o ABSOLUTE
    _printf_g                                0x00000000   Number         0  stubs.o ABSOLUTE
    _printf_i                                0x00000000   Number         0  stubs.o ABSOLUTE
    _printf_int_dec                          0x00000000   Number         0  stubs.o ABSOLUTE
    _printf_l                                0x00000000   Number         0  stubs.o ABSOLUTE
    _printf_lc                               0x00000000   Number         0  stubs.o ABSOLUTE
    _printf_ll                               0x00000000   Number         0  stubs.o ABSOLUTE
    _printf_lld                              0x00000000   Number         0  stubs.o ABSOLUTE
    _printf_lli                              0x00000000   Number         0  stubs.o ABSOLUTE
    _printf_llo                              0x00000000   Number         0  stubs.o ABSOLUTE
    _printf_llu                              0x00000000   Number         0  stubs.o ABSOLUTE
    _printf_llx                              0x00000000   Number         0  stubs.o ABSOLUTE
    _printf_longlong_dec                     0x00000000   Number         0  stubs.o ABSOLUTE
    _printf_longlong_hex                     0x00000000   Number         0  stubs.o ABSOLUTE
    _printf_longlong_oct                     0x00000000   Number         0  stubs.o ABSOLUTE
    _printf_ls                               0x00000000   Number         0  stubs.o ABSOLUTE
    _printf_mbtowc                           0x00000000   Number         0  stubs.o ABSOLUTE
    _printf_n                                0x00000000   Number         0  stubs.o ABSOLUTE
    _printf_o                                0x00000000   Number         0  stubs.o ABSOLUTE
    _printf_p                                0x00000000   Number         0  stubs.o ABSOLUTE
    _printf_percent                          0x00000000   Number         0  stubs.o ABSOLUTE
    _printf_pre_padding                      0x00000000   Number         0  stubs.o ABSOLUTE
    _printf_return_value                     0x00000000   Number         0  stubs.o ABSOLUTE
    _printf_s                                0x00000000   Number         0  stubs.o ABSOLUTE
    _printf_sizespec                         0x00000000   Number         0  stubs.o ABSOLUTE
    _printf_str                              0x00000000   Number         0  stubs.o ABSOLUTE
    _printf_truncate_signed                  0x00000000   Number         0  stubs.o ABSOLUTE
    _printf_truncate_unsigned                0x00000000   Number         0  stubs.o ABSOLUTE
    _printf_u                                0x00000000   Number         0  stubs.o ABSOLUTE
    _printf_wc                               0x00000000   Number         0  stubs.o ABSOLUTE
    _printf_wctomb                           0x00000000   Number         0  stubs.o ABSOLUTE
    _printf_widthprec                        0x00000000   Number         0  stubs.o ABSOLUTE
    _printf_x                                0x00000000   Number         0  stubs.o ABSOLUTE
    __cpp_initialize__aeabi_                  - Undefined Weak Reference
    __cxa_finalize                            - Undefined Weak Reference
    __decompress                              - Undefined Weak Reference
    _clock_init                               - Undefined Weak Reference
    _microlib_exit                            - Undefined Weak Reference
    __Vectors_Size                           0x00000198   Number         0  startup_stm32f411xe.o ABSOLUTE
    __Vectors                                0x08000000   Data           4  startup_stm32f411xe.o(RESET)
    __Vectors_End                            0x08000198   Data           0  startup_stm32f411xe.o(RESET)
    __main                                   0x08000199   Thumb Code     0  entry.o(.ARM.Collect$$$$00000000)
    _main_stk                                0x08000199   Thumb Code     0  entry2.o(.ARM.Collect$$$$00000001)
    _main_scatterload                        0x0800019d   Thumb Code     0  entry5.o(.ARM.Collect$$$$00000004)
    __main_after_scatterload                 0x080001a1   Thumb Code     0  entry5.o(.ARM.Collect$$$$00000004)
    _main_clock                              0x080001a1   Thumb Code     0  entry7b.o(.ARM.Collect$$$$00000008)
    _main_cpp_init                           0x080001a1   Thumb Code     0  entry8b.o(.ARM.Collect$$$$0000000A)
    _main_init                               0x080001a1   Thumb Code     0  entry9a.o(.ARM.Collect$$$$0000000B)
    __rt_final_cpp                           0x080001a9   Thumb Code     0  entry10a.o(.ARM.Collect$$$$0000000D)
    __rt_final_exit                          0x080001a9   Thumb Code     0  entry11a.o(.ARM.Collect$$$$0000000F)
    Reset_Handler                            0x080001ad   Thumb Code     8  startup_stm32f411xe.o(.text)
    DMA1_Stream0_IRQHandler                  0x080001c7   Thumb Code     0  startup_stm32f411xe.o(.text)
    DMA1_Stream1_IRQHandler                  0x080001c7   Thumb Code     0  startup_stm32f411xe.o(.text)
    DMA1_Stream2_IRQHandler                  0x080001c7   Thumb Code     0  startup_stm32f411xe.o(.text)
    DMA1_Stream3_IRQHandler                  0x080001c7   Thumb Code     0  startup_stm32f411xe.o(.text)
    DMA1_Stream4_IRQHandler                  0x080001c7   Thumb Code     0  startup_stm32f411xe.o(.text)
    DMA1_Stream5_IRQHandler                  0x080001c7   Thumb Code     0  startup_stm32f411xe.o(.text)
    DMA1_Stream6_IRQHandler                  0x080001c7   Thumb Code     0  startup_stm32f411xe.o(.text)
    DMA1_Stream7_IRQHandler                  0x080001c7   Thumb Code     0  startup_stm32f411xe.o(.text)
    DMA2_Stream3_IRQHandler                  0x080001c7   Thumb Code     0  startup_stm32f411xe.o(.text)
    DMA2_Stream4_IRQHandler                  0x080001c7   Thumb Code     0  startup_stm32f411xe.o(.text)
    DMA2_Stream5_IRQHandler                  0x080001c7   Thumb Code     0  startup_stm32f411xe.o(.text)
    EXTI0_IRQHandler                         0x080001c7   Thumb Code     0  startup_stm32f411xe.o(.text)
    EXTI15_10_IRQHandler                     0x080001c7   Thumb Code     0  startup_stm32f411xe.o(.text)
    EXTI1_IRQHandler                         0x080001c7   Thumb Code     0  startup_stm32f411xe.o(.text)
    EXTI2_IRQHandler                         0x080001c7   Thumb Code     0  startup_stm32f411xe.o(.text)
    EXTI3_IRQHandler                         0x080001c7   Thumb Code     0  startup_stm32f411xe.o(.text)
    EXTI4_IRQHandler                         0x080001c7   Thumb Code     0  startup_stm32f411xe.o(.text)
    EXTI9_5_IRQHandler                       0x080001c7   Thumb Code     0  startup_stm32f411xe.o(.text)
    FLASH_IRQHandler                         0x080001c7   Thumb Code     0  startup_stm32f411xe.o(.text)
    FPU_IRQHandler                           0x080001c7   Thumb Code     0  startup_stm32f411xe.o(.text)
    I2C1_ER_IRQHandler                       0x080001c7   Thumb Code     0  startup_stm32f411xe.o(.text)
    I2C1_EV_IRQHandler                       0x080001c7   Thumb Code     0  startup_stm32f411xe.o(.text)
    I2C2_ER_IRQHandler                       0x080001c7   Thumb Code     0  startup_stm32f411xe.o(.text)
    I2C2_EV_IRQHandler                       0x080001c7   Thumb Code     0  startup_stm32f411xe.o(.text)
    I2C3_ER_IRQHandler                       0x080001c7   Thumb Code     0  startup_stm32f411xe.o(.text)
    I2C3_EV_IRQHandler                       0x080001c7   Thumb Code     0  startup_stm32f411xe.o(.text)
    OTG_FS_IRQHandler                        0x080001c7   Thumb Code     0  startup_stm32f411xe.o(.text)
    OTG_FS_WKUP_IRQHandler                   0x080001c7   Thumb Code     0  startup_stm32f411xe.o(.text)
    PVD_IRQHandler                           0x080001c7   Thumb Code     0  startup_stm32f411xe.o(.text)
    RCC_IRQHandler                           0x080001c7   Thumb Code     0  startup_stm32f411xe.o(.text)
    RTC_Alarm_IRQHandler                     0x080001c7   Thumb Code     0  startup_stm32f411xe.o(.text)
    RTC_WKUP_IRQHandler                      0x080001c7   Thumb Code     0  startup_stm32f411xe.o(.text)
    SDIO_IRQHandler                          0x080001c7   Thumb Code     0  startup_stm32f411xe.o(.text)
    SPI1_IRQHandler                          0x080001c7   Thumb Code     0  startup_stm32f411xe.o(.text)
    SPI2_IRQHandler                          0x080001c7   Thumb Code     0  startup_stm32f411xe.o(.text)
    SPI3_IRQHandler                          0x080001c7   Thumb Code     0  startup_stm32f411xe.o(.text)
    SPI4_IRQHandler                          0x080001c7   Thumb Code     0  startup_stm32f411xe.o(.text)
    SPI5_IRQHandler                          0x080001c7   Thumb Code     0  startup_stm32f411xe.o(.text)
    TAMP_STAMP_IRQHandler                    0x080001c7   Thumb Code     0  startup_stm32f411xe.o(.text)
    TIM1_BRK_TIM9_IRQHandler                 0x080001c7   Thumb Code     0  startup_stm32f411xe.o(.text)
    TIM1_CC_IRQHandler                       0x080001c7   Thumb Code     0  startup_stm32f411xe.o(.text)
    TIM1_TRG_COM_TIM11_IRQHandler            0x080001c7   Thumb Code     0  startup_stm32f411xe.o(.text)
    TIM1_UP_TIM10_IRQHandler                 0x080001c7   Thumb Code     0  startup_stm32f411xe.o(.text)
    TIM2_IRQHandler                          0x080001c7   Thumb Code     0  startup_stm32f411xe.o(.text)
    TIM3_IRQHandler                          0x080001c7   Thumb Code     0  startup_stm32f411xe.o(.text)
    TIM4_IRQHandler                          0x080001c7   Thumb Code     0  startup_stm32f411xe.o(.text)
    TIM5_IRQHandler                          0x080001c7   Thumb Code     0  startup_stm32f411xe.o(.text)
    USART2_IRQHandler                        0x080001c7   Thumb Code     0  startup_stm32f411xe.o(.text)
    WWDG_IRQHandler                          0x080001c7   Thumb Code     0  startup_stm32f411xe.o(.text)
    __aeabi_uldivmod                         0x080001d1   Thumb Code    98  uldiv.o(.text)
    __aeabi_memcpy                           0x08000233   Thumb Code    36  memcpya.o(.text)
    __aeabi_memcpy4                          0x08000233   Thumb Code     0  memcpya.o(.text)
    __aeabi_memcpy8                          0x08000233   Thumb Code     0  memcpya.o(.text)
    __aeabi_memset                           0x08000257   Thumb Code    14  memseta.o(.text)
    __aeabi_memset4                          0x08000257   Thumb Code     0  memseta.o(.text)
    __aeabi_memset8                          0x08000257   Thumb Code     0  memseta.o(.text)
    __aeabi_memclr                           0x08000265   Thumb Code     4  memseta.o(.text)
    __aeabi_memclr4                          0x08000265   Thumb Code     0  memseta.o(.text)
    __aeabi_memclr8                          0x08000265   Thumb Code     0  memseta.o(.text)
    _memset$wrapper                          0x08000269   Thumb Code    18  memseta.o(.text)
    __aeabi_dmul                             0x0800027b   Thumb Code   228  dmul.o(.text)
    __aeabi_ddiv                             0x0800035f   Thumb Code   222  ddiv.o(.text)
    __aeabi_f2d                              0x0800043d   Thumb Code    38  f2d.o(.text)
    __aeabi_d2f                              0x08000463   Thumb Code    56  d2f.o(.text)
    __aeabi_uidiv                            0x0800049b   Thumb Code     0  uidiv.o(.text)
    __aeabi_uidivmod                         0x0800049b   Thumb Code    44  uidiv.o(.text)
    __aeabi_llsl                             0x080004c7   Thumb Code    30  llshl.o(.text)
    _ll_shift_l                              0x080004c7   Thumb Code     0  llshl.o(.text)
    __aeabi_llsr                             0x080004e5   Thumb Code    32  llushr.o(.text)
    _ll_ushift_r                             0x080004e5   Thumb Code     0  llushr.o(.text)
    __I$use$fp                               0x08000505   Thumb Code     0  iusefp.o(.text)
    _float_round                             0x08000505   Thumb Code    18  fepilogue.o(.text)
    _float_epilogue                          0x08000517   Thumb Code    92  fepilogue.o(.text)
    _double_round                            0x08000573   Thumb Code    30  depilogue.o(.text)
    _double_epilogue                         0x08000591   Thumb Code   156  depilogue.o(.text)
    __aeabi_dadd                             0x0800062d   Thumb Code   322  dadd.o(.text)
    __aeabi_dsub                             0x0800076f   Thumb Code     6  dadd.o(.text)
    __aeabi_drsub                            0x08000775   Thumb Code     6  dadd.o(.text)
    __aeabi_d2ulz                            0x0800077b   Thumb Code    48  dfixul.o(.text)
    __aeabi_cdrcmple                         0x080007ad   Thumb Code    48  cdrcmple.o(.text)
    __scatterload                            0x080007dd   Thumb Code    28  init.o(.text)
    __scatterload_rt2                        0x080007dd   Thumb Code     0  init.o(.text)
    __aeabi_lasr                             0x08000801   Thumb Code    36  llsshr.o(.text)
    _ll_sshift_r                             0x08000801   Thumb Code     0  llsshr.o(.text)
    ADC_IRQHandler                           0x080008a9   Thumb Code     6  stm32f4xx_it.o(i.ADC_IRQHandler)
    BusFault_Handler                         0x080009d9   Thumb Code     2  stm32f4xx_it.o(i.BusFault_Handler)
    DMA2_Stream0_IRQHandler                  0x080009dd   Thumb Code     6  stm32f4xx_it.o(i.DMA2_Stream0_IRQHandler)
    DMA2_Stream1_IRQHandler                  0x080009e9   Thumb Code     6  stm32f4xx_it.o(i.DMA2_Stream1_IRQHandler)
    DMA2_Stream2_IRQHandler                  0x080009f5   Thumb Code     6  stm32f4xx_it.o(i.DMA2_Stream2_IRQHandler)
    DMA2_Stream6_IRQHandler                  0x08000a01   Thumb Code     6  stm32f4xx_it.o(i.DMA2_Stream6_IRQHandler)
    DMA2_Stream7_IRQHandler                  0x08000a0d   Thumb Code     6  stm32f4xx_it.o(i.DMA2_Stream7_IRQHandler)
    DebugMon_Handler                         0x08000abd   Thumb Code     2  stm32f4xx_it.o(i.DebugMon_Handler)
    HAL_ADCEx_InjectedConvCpltCallback       0x08000abf   Thumb Code     2  stm32f4xx_hal_adc_ex.o(i.HAL_ADCEx_InjectedConvCpltCallback)
    HAL_ADC_ConfigChannel                    0x08000ac1   Thumb Code   318  stm32f4xx_hal_adc.o(i.HAL_ADC_ConfigChannel)
    HAL_ADC_ConvCpltCallback                 0x08000c15   Thumb Code     2  stm32f4xx_hal_adc.o(i.HAL_ADC_ConvCpltCallback)
    HAL_ADC_ConvHalfCpltCallback             0x08000c17   Thumb Code     2  stm32f4xx_hal_adc.o(i.HAL_ADC_ConvHalfCpltCallback)
    HAL_ADC_ErrorCallback                    0x08000c19   Thumb Code     2  stm32f4xx_hal_adc.o(i.HAL_ADC_ErrorCallback)
    HAL_ADC_IRQHandler                       0x08000c1b   Thumb Code   316  stm32f4xx_hal_adc.o(i.HAL_ADC_IRQHandler)
    HAL_ADC_Init                             0x08000d57   Thumb Code    84  stm32f4xx_hal_adc.o(i.HAL_ADC_Init)
    HAL_ADC_LevelOutOfWindowCallback         0x08000dab   Thumb Code     2  stm32f4xx_hal_adc.o(i.HAL_ADC_LevelOutOfWindowCallback)
    HAL_ADC_MspInit                          0x08000dad   Thumb Code   136  adc.o(i.HAL_ADC_MspInit)
    HAL_ADC_Start_DMA                        0x08000e5d   Thumb Code   228  stm32f4xx_hal_adc.o(i.HAL_ADC_Start_DMA)
    HAL_DMA_Abort_IT                         0x08000f5d   Thumb Code    36  stm32f4xx_hal_dma.o(i.HAL_DMA_Abort_IT)
    HAL_DMA_IRQHandler                       0x08000f81   Thumb Code   412  stm32f4xx_hal_dma.o(i.HAL_DMA_IRQHandler)
    HAL_DMA_Init                             0x08001121   Thumb Code   206  stm32f4xx_hal_dma.o(i.HAL_DMA_Init)
    HAL_DMA_Start_IT                         0x080011f5   Thumb Code   120  stm32f4xx_hal_dma.o(i.HAL_DMA_Start_IT)
    HAL_GPIO_Init                            0x0800126d   Thumb Code   358  stm32f4xx_hal_gpio.o(i.HAL_GPIO_Init)
    HAL_GPIO_WritePin                        0x080013f5   Thumb Code    10  stm32f4xx_hal_gpio.o(i.HAL_GPIO_WritePin)
    HAL_GetTick                              0x08001401   Thumb Code     6  stm32f4xx_hal.o(i.HAL_GetTick)
    HAL_IncTick                              0x0800140d   Thumb Code    12  stm32f4xx_hal.o(i.HAL_IncTick)
    HAL_Init                                 0x0800141d   Thumb Code    48  stm32f4xx_hal.o(i.HAL_Init)
    HAL_InitTick                             0x08001451   Thumb Code    54  stm32f4xx_hal.o(i.HAL_InitTick)
    HAL_MspInit                              0x08001491   Thumb Code   126  stm32f4xx_hal_msp.o(i.HAL_MspInit)
    HAL_NVIC_EnableIRQ                       0x08001515   Thumb Code    22  stm32f4xx_hal_cortex.o(i.HAL_NVIC_EnableIRQ)
    HAL_NVIC_SetPriority                     0x0800152d   Thumb Code    60  stm32f4xx_hal_cortex.o(i.HAL_NVIC_SetPriority)
    HAL_NVIC_SetPriorityGrouping             0x0800156d   Thumb Code    26  stm32f4xx_hal_cortex.o(i.HAL_NVIC_SetPriorityGrouping)
    HAL_RCC_ClockConfig                      0x08001591   Thumb Code   286  stm32f4xx_hal_rcc.o(i.HAL_RCC_ClockConfig)
    HAL_RCC_GetHCLKFreq                      0x080016c1   Thumb Code     6  stm32f4xx_hal_rcc.o(i.HAL_RCC_GetHCLKFreq)
    HAL_RCC_GetPCLK1Freq                     0x080016cd   Thumb Code    20  stm32f4xx_hal_rcc.o(i.HAL_RCC_GetPCLK1Freq)
    HAL_RCC_GetPCLK2Freq                     0x080016ed   Thumb Code    20  stm32f4xx_hal_rcc.o(i.HAL_RCC_GetPCLK2Freq)
    HAL_RCC_GetSysClockFreq                  0x0800170d   Thumb Code    88  stm32f4xx_hal_rcc.o(i.HAL_RCC_GetSysClockFreq)
    HAL_RCC_OscConfig                        0x0800176d   Thumb Code   770  stm32f4xx_hal_rcc.o(i.HAL_RCC_OscConfig)
    HAL_SYSTICK_CLKSourceConfig              0x08001a89   Thumb Code    24  stm32f4xx_hal_cortex.o(i.HAL_SYSTICK_CLKSourceConfig)
    HAL_SYSTICK_Callback                     0x08001aa1   Thumb Code     2  stm32f4xx_hal_cortex.o(i.HAL_SYSTICK_Callback)
    HAL_SYSTICK_Config                       0x08001aa3   Thumb Code    40  stm32f4xx_hal_cortex.o(i.HAL_SYSTICK_Config)
    HAL_SYSTICK_IRQHandler                   0x08001acb   Thumb Code     8  stm32f4xx_hal_cortex.o(i.HAL_SYSTICK_IRQHandler)
    HAL_UART_ErrorCallback                   0x08001ad3   Thumb Code     2  stm32f4xx_hal_uart.o(i.HAL_UART_ErrorCallback)
    HAL_UART_IRQHandler                      0x08001ad5   Thumb Code   266  stm32f4xx_hal_uart.o(i.HAL_UART_IRQHandler)
    HAL_UART_Init                            0x08001be5   Thumb Code    98  stm32f4xx_hal_uart.o(i.HAL_UART_Init)
    HAL_UART_MspInit                         0x08001c49   Thumb Code   352  usart.o(i.HAL_UART_MspInit)
    HAL_UART_Receive_DMA                     0x08001dd9   Thumb Code   138  stm32f4xx_hal_uart.o(i.HAL_UART_Receive_DMA)
    HAL_UART_RxCpltCallback                  0x08001e71   Thumb Code     2  stm32f4xx_hal_uart.o(i.HAL_UART_RxCpltCallback)
    HAL_UART_RxHalfCpltCallback              0x08001e73   Thumb Code     2  stm32f4xx_hal_uart.o(i.HAL_UART_RxHalfCpltCallback)
    HAL_UART_Transmit                        0x08001e75   Thumb Code   186  stm32f4xx_hal_uart.o(i.HAL_UART_Transmit)
    HAL_UART_TxCpltCallback                  0x08001f2f   Thumb Code     2  stm32f4xx_hal_uart.o(i.HAL_UART_TxCpltCallback)
    HardFault_Handler                        0x08001f31   Thumb Code     2  stm32f4xx_it.o(i.HardFault_Handler)
    MX_ADC1_Init                             0x08001f35   Thumb Code   110  adc.o(i.MX_ADC1_Init)
    MX_DMA_Init                              0x08001fc1   Thumb Code   104  dma.o(i.MX_DMA_Init)
    MX_GPIO_Init                             0x0800202d   Thumb Code   182  gpio.o(i.MX_GPIO_Init)
    MX_USART1_UART_Init                      0x080020f1   Thumb Code    52  usart.o(i.MX_USART1_UART_Init)
    MX_USART6_UART_Init                      0x0800213d   Thumb Code    52  usart.o(i.MX_USART6_UART_Init)
    MemManage_Handler                        0x08002189   Thumb Code     2  stm32f4xx_it.o(i.MemManage_Handler)
    NMI_Handler                              0x0800218b   Thumb Code     2  stm32f4xx_it.o(i.NMI_Handler)
    PendSV_Handler                           0x080021ad   Thumb Code     2  stm32f4xx_it.o(i.PendSV_Handler)
    QActive_ctor                             0x080021b1   Thumb Code    26  qf_qact.o(i.QActive_ctor)
    QActive_get_                             0x080021d1   Thumb Code   102  qf_actq.o(i.QActive_get_)
    QActive_postLIFO_                        0x0800223d   Thumb Code   116  qf_actq.o(i.QActive_postLIFO_)
    QActive_post_                            0x080022b9   Thumb Code   164  qf_actq.o(i.QActive_post_)
    QActive_start_                           0x08002365   Thumb Code    70  qv.o(i.QActive_start_)
    QEQueue_init                             0x080023b1   Thumb Code    24  qf_qeq.o(i.QEQueue_init)
    QF_add_                                  0x080023c9   Thumb Code    50  qf_act.o(i.QF_add_)
    QF_bzero                                 0x08002405   Thumb Code    16  qf_act.o(i.QF_bzero)
    QF_gc                                    0x08002415   Thumb Code    86  qf_dyn.o(i.QF_gc)
    QF_init                                  0x08002479   Thumb Code    48  qv.o(i.QF_init)
    QF_onStartup                             0x080024c1   Thumb Code    44  bsp.o(i.QF_onStartup)
    QF_poolInit                              0x080024f5   Thumb Code    86  qf_dyn.o(i.QF_poolInit)
    QF_psInit                                0x08002559   Thumb Code    12  qf_ps.o(i.QF_psInit)
    QF_run                                   0x08002569   Thumb Code   112  qv.o(i.QF_run)
    QF_tickX_                                0x080025e1   Thumb Code   162  qf_time.o(i.QF_tickX_)
    QHsm_ctor                                0x0800268d   Thumb Code    12  qep_hsm.o(i.QHsm_ctor)
    QHsm_dispatch_                           0x080026a1   Thumb Code   236  qep_hsm.o(i.QHsm_dispatch_)
    QHsm_init_                               0x08002791   Thumb Code   140  qep_hsm.o(i.QHsm_init_)
    QHsm_top                                 0x08002825   Thumb Code     4  qep_hsm.o(i.QHsm_top)
    QMPool_init                              0x08002935   Thumb Code   122  qf_mem.o(i.QMPool_init)
    QMPool_put                               0x080029b5   Thumb Code    64  qf_mem.o(i.QMPool_put)
    QTimeEvt_armX                            0x08002a7d   Thumb Code    96  qf_time.o(i.QTimeEvt_armX)
    QTimeEvt_ctorX                           0x08002ae5   Thumb Code    50  qf_time.o(i.QTimeEvt_ctorX)
    QV_init                                  0x08002b1d   Thumb Code    72  qv_port.o(i.QV_init)
    QV_onIdle                                0x08002b6d   Thumb Code     8  bsp.o(i.QV_onIdle)
    Q_onAssert                               0x08002b75   Thumb Code     2  bsp.o(i.Q_onAssert)
    SVC_Handler                              0x08002b77   Thumb Code     2  stm32f4xx_it.o(i.SVC_Handler)
    SysTick_Handler                          0x08002b79   Thumb Code    20  bsp.o(i.SysTick_Handler)
    SystemClock_Config                       0x08002b8d   Thumb Code   146  main.o(i.SystemClock_Config)
    SystemInit                               0x08002c29   Thumb Code    66  system_stm32f4xx.o(i.SystemInit)
    USART1_IRQHandler                        0x0800314d   Thumb Code    22  stm32f4xx_it.o(i.USART1_IRQHandler)
    USART6_IRQHandler                        0x0800316d   Thumb Code    22  stm32f4xx_it.o(i.USART6_IRQHandler)
    UsageFault_Handler                       0x0800318d   Thumb Code     2  stm32f4xx_it.o(i.UsageFault_Handler)
    UsartReceive_IDLE                        0x08003191   Thumb Code   114  uartidle.o(i.UsartReceive_IDLE)
    User_ctor                                0x08003281   Thumb Code    32  ao_user.o(i.User_ctor)
    User_uart_init                           0x080032c5   Thumb Code    78  uartidle.o(i.User_uart_init)
    _Error_Handler                           0x08003325   Thumb Code     2  main.o(i._Error_Handler)
    __0printf                                0x08003329   Thumb Code    22  printfa.o(i.__0printf)
    __1printf                                0x08003329   Thumb Code     0  printfa.o(i.__0printf)
    __2printf                                0x08003329   Thumb Code     0  printfa.o(i.__0printf)
    __c89printf                              0x08003329   Thumb Code     0  printfa.o(i.__0printf)
    printf                                   0x08003329   Thumb Code     0  printfa.o(i.__0printf)
    __0sprintf                               0x08003349   Thumb Code    34  printfa.o(i.__0sprintf)
    __1sprintf                               0x08003349   Thumb Code     0  printfa.o(i.__0sprintf)
    __2sprintf                               0x08003349   Thumb Code     0  printfa.o(i.__0sprintf)
    __c89sprintf                             0x08003349   Thumb Code     0  printfa.o(i.__0sprintf)
    sprintf                                  0x08003349   Thumb Code     0  printfa.o(i.__0sprintf)
    __scatterload_copy                       0x08003371   Thumb Code    14  handlers.o(i.__scatterload_copy)
    __scatterload_null                       0x0800337f   Thumb Code     2  handlers.o(i.__scatterload_null)
    __scatterload_zeroinit                   0x08003381   Thumb Code    14  handlers.o(i.__scatterload_zeroinit)
    fputc                                    0x08003c4d   Thumb Code    20  uartidle.o(i.fputc)
    get_adc_average                          0x08003c65   Thumb Code    62  adc.o(i.get_adc_average)
    get_adc_mid                              0x08003ca9   Thumb Code    60  adc.o(i.get_adc_mid)
    get_rank_adc                             0x08003ced   Thumb Code    84  adc.o(i.get_rank_adc)
    main                                     0x08003d51   Thumb Code   112  main.o(i.main)
    rbCanRead                                0x08003ddd   Thumb Code    50  ringbuffer.o(i.rbCanRead)
    rbCapacity                               0x08003e0f   Thumb Code    12  ringbuffer.o(i.rbCapacity)
    rbCreate                                 0x08003e1b   Thumb Code    18  ringbuffer.o(i.rbCreate)
    rbInit                                   0x08003e2d   Thumb Code    16  ringbuffer.o(i.rbInit)
    rbRead                                   0x08003e3d   Thumb Code   126  ringbuffer.o(i.rbRead)
    rbSetPtr                                 0x08003ebb   Thumb Code    28  ringbuffer.o(i.rbSetPtr)
    uart_Driver_Init                         0x08003ed9   Thumb Code    16  myuart.o(i.uart_Driver_Init)
    user_send_nbyte                          0x08003ef9   Thumb Code     8  uartidle.o(i.user_send_nbyte)
    AO_User                                  0x08003f00   Data           4  ao_user.o(.constdata)
    AHBPrescTable                            0x08003f0c   Data          16  system_stm32f4xx.o(.constdata)
    APBPrescTable                            0x08003f1c   Data           8  system_stm32f4xx.o(.constdata)
    Region$$Table$$Base                      0x08003f9c   Number         0  anon$$obj.o(Region$$Table)
    Region$$Table$$Limit                     0x08003fbc   Number         0  anon$$obj.o(Region$$Table)
    uart                                     0x20000000   Data           4  main.o(.data)
    uwTickFreq                               0x20000004   Data           1  stm32f4xx_hal.o(.data)
    uwTickPrio                               0x20000008   Data           4  stm32f4xx_hal.o(.data)
    uwTick                                   0x2000000c   Data           4  stm32f4xx_hal.o(.data)
    SystemCoreClock                          0x20000010   Data           4  system_stm32f4xx.o(.data)
    QV_readySet_                             0x20000014   Data           4  qv.o(.data)
    QF_maxPool_                              0x20000018   Data           4  qf_dyn.o(.data)
    QF_subscrList_                           0x2000001c   Data           4  qf_ps.o(.data)
    QF_maxPubSignal_                         0x20000020   Data           4  qf_ps.o(.data)
    __stdout                                 0x20000024   Data           4  stdout.o(.data)
    myuartDriver                             0x20000028   Data          12  myuart.o(.bss)
    Uart1_Rev_Dat_st                         0x20000034   Data        1026  uartidle.o(.bss)
    Uart6_Rev_Dat_st                         0x20000436   Data        1026  uartidle.o(.bss)
    pRb1                                     0x20000838   Data          16  uartidle.o(.bss)
    pRb6                                     0x20000848   Data          16  uartidle.o(.bss)
    adc_value                                0x20000888   Data          24  main.o(.bss)
    Vol_st                                   0x20000910   Data          16  main.o(.bss)
    hadc1                                    0x20000920   Data          72  adc.o(.bss)
    hdma_adc1                                0x20000968   Data          96  adc.o(.bss)
    huart1                                   0x200009c8   Data          64  usart.o(.bss)
    huart6                                   0x20000a08   Data          64  usart.o(.bss)
    hdma_usart1_rx                           0x20000a48   Data          96  usart.o(.bss)
    hdma_usart1_tx                           0x20000aa8   Data          96  usart.o(.bss)
    hdma_usart6_rx                           0x20000b08   Data          96  usart.o(.bss)
    hdma_usart6_tx                           0x20000b68   Data          96  usart.o(.bss)
    QF_active_                               0x20000bc8   Data         132  qf_act.o(.bss)
    QF_pool_                                 0x20000c4c   Data          60  qf_dyn.o(.bss)
    QF_timeEvtHead_                          0x20000c88   Data          32  qf_time.o(.bss)
    __initial_sp                             0x20001ca8   Data           0  startup_stm32f411xe.o(STACK)



==============================================================================

Memory Map of the image

  Image Entry point : 0x08000199

  Load Region LR_IROM1 (Base: 0x08000000, Size: 0x00003fe4, Max: 0x00080000, ABSOLUTE)

    Execution Region ER_IROM1 (Base: 0x08000000, Size: 0x00003fbc, Max: 0x00080000, ABSOLUTE)

    Base Addr    Size         Type   Attr      Idx    E Section Name        Object

    0x08000000   0x00000198   Data   RO            3    RESET               startup_stm32f411xe.o
    0x08000198   0x00000000   Code   RO         3103  * .ARM.Collect$$$$00000000  mc_w.l(entry.o)
    0x08000198   0x00000004   Code   RO         3383    .ARM.Collect$$$$00000001  mc_w.l(entry2.o)
    0x0800019c   0x00000004   Code   RO         3386    .ARM.Collect$$$$00000004  mc_w.l(entry5.o)
    0x080001a0   0x00000000   Code   RO         3388    .ARM.Collect$$$$00000008  mc_w.l(entry7b.o)
    0x080001a0   0x00000000   Code   RO         3390    .ARM.Collect$$$$0000000A  mc_w.l(entry8b.o)
    0x080001a0   0x00000008   Code   RO         3391    .ARM.Collect$$$$0000000B  mc_w.l(entry9a.o)
    0x080001a8   0x00000000   Code   RO         3393    .ARM.Collect$$$$0000000D  mc_w.l(entry10a.o)
    0x080001a8   0x00000000   Code   RO         3395    .ARM.Collect$$$$0000000F  mc_w.l(entry11a.o)
    0x080001a8   0x00000004   Code   RO         3384    .ARM.Collect$$$$00002712  mc_w.l(entry2.o)
    0x080001ac   0x00000024   Code   RO            4    .text               startup_stm32f411xe.o
    0x080001d0   0x00000062   Code   RO         3106    .text               mc_w.l(uldiv.o)
    0x08000232   0x00000024   Code   RO         3108    .text               mc_w.l(memcpya.o)
    0x08000256   0x00000024   Code   RO         3110    .text               mc_w.l(memseta.o)
    0x0800027a   0x000000e4   Code   RO         3375    .text               mf_w.l(dmul.o)
    0x0800035e   0x000000de   Code   RO         3377    .text               mf_w.l(ddiv.o)
    0x0800043c   0x00000026   Code   RO         3379    .text               mf_w.l(f2d.o)
    0x08000462   0x00000038   Code   RO         3381    .text               mf_w.l(d2f.o)
    0x0800049a   0x0000002c   Code   RO         3398    .text               mc_w.l(uidiv.o)
    0x080004c6   0x0000001e   Code   RO         3400    .text               mc_w.l(llshl.o)
    0x080004e4   0x00000020   Code   RO         3402    .text               mc_w.l(llushr.o)
    0x08000504   0x00000000   Code   RO         3404    .text               mc_w.l(iusefp.o)
    0x08000504   0x0000006e   Code   RO         3405    .text               mf_w.l(fepilogue.o)
    0x08000572   0x000000ba   Code   RO         3407    .text               mf_w.l(depilogue.o)
    0x0800062c   0x0000014e   Code   RO         3409    .text               mf_w.l(dadd.o)
    0x0800077a   0x00000030   Code   RO         3411    .text               mf_w.l(dfixul.o)
    0x080007aa   0x00000002   PAD
    0x080007ac   0x00000030   Code   RO         3413    .text               mf_w.l(cdrcmple.o)
    0x080007dc   0x00000024   Code   RO         3415    .text               mc_w.l(init.o)
    0x08000800   0x00000024   Code   RO         3417    .text               mc_w.l(llsshr.o)
    0x08000824   0x00000062   Code   RO          783    i.ADC_DMAConvCplt   stm32f4xx_hal_adc.o
    0x08000886   0x00000016   Code   RO          784    i.ADC_DMAError      stm32f4xx_hal_adc.o
    0x0800089c   0x0000000a   Code   RO          785    i.ADC_DMAHalfConvCplt  stm32f4xx_hal_adc.o
    0x080008a6   0x00000002   PAD
    0x080008a8   0x0000000c   Code   RO          641    i.ADC_IRQHandler    stm32f4xx_it.o
    0x080008b4   0x00000124   Code   RO          786    i.ADC_Init          stm32f4xx_hal_adc.o
    0x080009d8   0x00000002   Code   RO          642    i.BusFault_Handler  stm32f4xx_it.o
    0x080009da   0x00000002   PAD
    0x080009dc   0x0000000c   Code   RO          643    i.DMA2_Stream0_IRQHandler  stm32f4xx_it.o
    0x080009e8   0x0000000c   Code   RO          644    i.DMA2_Stream1_IRQHandler  stm32f4xx_it.o
    0x080009f4   0x0000000c   Code   RO          645    i.DMA2_Stream2_IRQHandler  stm32f4xx_it.o
    0x08000a00   0x0000000c   Code   RO          646    i.DMA2_Stream6_IRQHandler  stm32f4xx_it.o
    0x08000a0c   0x0000000c   Code   RO          647    i.DMA2_Stream7_IRQHandler  stm32f4xx_it.o
    0x08000a18   0x00000028   Code   RO         1933    i.DMA_CalcBaseAndBitshift  stm32f4xx_hal_dma.o
    0x08000a40   0x00000054   Code   RO         1934    i.DMA_CheckFifoParam  stm32f4xx_hal_dma.o
    0x08000a94   0x00000028   Code   RO         1935    i.DMA_SetConfig     stm32f4xx_hal_dma.o
    0x08000abc   0x00000002   Code   RO          648    i.DebugMon_Handler  stm32f4xx_it.o
    0x08000abe   0x00000002   Code   RO          957    i.HAL_ADCEx_InjectedConvCpltCallback  stm32f4xx_hal_adc_ex.o
    0x08000ac0   0x00000154   Code   RO          788    i.HAL_ADC_ConfigChannel  stm32f4xx_hal_adc.o
    0x08000c14   0x00000002   Code   RO          789    i.HAL_ADC_ConvCpltCallback  stm32f4xx_hal_adc.o
    0x08000c16   0x00000002   Code   RO          790    i.HAL_ADC_ConvHalfCpltCallback  stm32f4xx_hal_adc.o
    0x08000c18   0x00000002   Code   RO          792    i.HAL_ADC_ErrorCallback  stm32f4xx_hal_adc.o
    0x08000c1a   0x0000013c   Code   RO          796    i.HAL_ADC_IRQHandler  stm32f4xx_hal_adc.o
    0x08000d56   0x00000054   Code   RO          797    i.HAL_ADC_Init      stm32f4xx_hal_adc.o
    0x08000daa   0x00000002   Code   RO          798    i.HAL_ADC_LevelOutOfWindowCallback  stm32f4xx_hal_adc.o
    0x08000dac   0x000000b0   Code   RO          509    i.HAL_ADC_MspInit   adc.o
    0x08000e5c   0x00000100   Code   RO          804    i.HAL_ADC_Start_DMA  stm32f4xx_hal_adc.o
    0x08000f5c   0x00000024   Code   RO         1937    i.HAL_DMA_Abort_IT  stm32f4xx_hal_dma.o
    0x08000f80   0x000001a0   Code   RO         1941    i.HAL_DMA_IRQHandler  stm32f4xx_hal_dma.o
    0x08001120   0x000000d4   Code   RO         1942    i.HAL_DMA_Init      stm32f4xx_hal_dma.o
    0x080011f4   0x00000078   Code   RO         1946    i.HAL_DMA_Start_IT  stm32f4xx_hal_dma.o
    0x0800126c   0x00000188   Code   RO         1829    i.HAL_GPIO_Init     stm32f4xx_hal_gpio.o
    0x080013f4   0x0000000a   Code   RO         1833    i.HAL_GPIO_WritePin  stm32f4xx_hal_gpio.o
    0x080013fe   0x00000002   PAD
    0x08001400   0x0000000c   Code   RO         2385    i.HAL_GetTick       stm32f4xx_hal.o
    0x0800140c   0x00000010   Code   RO         2389    i.HAL_IncTick       stm32f4xx_hal.o
    0x0800141c   0x00000034   Code   RO         2390    i.HAL_Init          stm32f4xx_hal.o
    0x08001450   0x00000040   Code   RO         2391    i.HAL_InitTick      stm32f4xx_hal.o
    0x08001490   0x00000084   Code   RO          759    i.HAL_MspInit       stm32f4xx_hal_msp.o
    0x08001514   0x00000016   Code   RO         2242    i.HAL_NVIC_EnableIRQ  stm32f4xx_hal_cortex.o
    0x0800152a   0x00000002   PAD
    0x0800152c   0x00000040   Code   RO         2248    i.HAL_NVIC_SetPriority  stm32f4xx_hal_cortex.o
    0x0800156c   0x00000024   Code   RO         2249    i.HAL_NVIC_SetPriorityGrouping  stm32f4xx_hal_cortex.o
    0x08001590   0x00000130   Code   RO         1421    i.HAL_RCC_ClockConfig  stm32f4xx_hal_rcc.o
    0x080016c0   0x0000000c   Code   RO         1426    i.HAL_RCC_GetHCLKFreq  stm32f4xx_hal_rcc.o
    0x080016cc   0x00000020   Code   RO         1428    i.HAL_RCC_GetPCLK1Freq  stm32f4xx_hal_rcc.o
    0x080016ec   0x00000020   Code   RO         1429    i.HAL_RCC_GetPCLK2Freq  stm32f4xx_hal_rcc.o
    0x0800170c   0x00000060   Code   RO         1430    i.HAL_RCC_GetSysClockFreq  stm32f4xx_hal_rcc.o
    0x0800176c   0x0000031c   Code   RO         1433    i.HAL_RCC_OscConfig  stm32f4xx_hal_rcc.o
    0x08001a88   0x00000018   Code   RO         2251    i.HAL_SYSTICK_CLKSourceConfig  stm32f4xx_hal_cortex.o
    0x08001aa0   0x00000002   Code   RO         2252    i.HAL_SYSTICK_Callback  stm32f4xx_hal_cortex.o
    0x08001aa2   0x00000028   Code   RO         2253    i.HAL_SYSTICK_Config  stm32f4xx_hal_cortex.o
    0x08001aca   0x00000008   Code   RO         2254    i.HAL_SYSTICK_IRQHandler  stm32f4xx_hal_cortex.o
    0x08001ad2   0x00000002   Code   RO         1115    i.HAL_UART_ErrorCallback  stm32f4xx_hal_uart.o
    0x08001ad4   0x00000110   Code   RO         1118    i.HAL_UART_IRQHandler  stm32f4xx_hal_uart.o
    0x08001be4   0x00000062   Code   RO         1119    i.HAL_UART_Init     stm32f4xx_hal_uart.o
    0x08001c46   0x00000002   PAD
    0x08001c48   0x00000190   Code   RO          594    i.HAL_UART_MspInit  usart.o
    0x08001dd8   0x00000098   Code   RO         1123    i.HAL_UART_Receive_DMA  stm32f4xx_hal_uart.o
    0x08001e70   0x00000002   Code   RO         1125    i.HAL_UART_RxCpltCallback  stm32f4xx_hal_uart.o
    0x08001e72   0x00000002   Code   RO         1126    i.HAL_UART_RxHalfCpltCallback  stm32f4xx_hal_uart.o
    0x08001e74   0x000000ba   Code   RO         1127    i.HAL_UART_Transmit  stm32f4xx_hal_uart.o
    0x08001f2e   0x00000002   Code   RO         1130    i.HAL_UART_TxCpltCallback  stm32f4xx_hal_uart.o
    0x08001f30   0x00000002   Code   RO          649    i.HardFault_Handler  stm32f4xx_it.o
    0x08001f32   0x00000002   PAD
    0x08001f34   0x0000008c   Code   RO          510    i.MX_ADC1_Init      adc.o
    0x08001fc0   0x0000006c   Code   RO          569    i.MX_DMA_Init       dma.o
    0x0800202c   0x000000c4   Code   RO          484    i.MX_GPIO_Init      gpio.o
    0x080020f0   0x0000004c   Code   RO          595    i.MX_USART1_UART_Init  usart.o
    0x0800213c   0x0000004c   Code   RO          596    i.MX_USART6_UART_Init  usart.o
    0x08002188   0x00000002   Code   RO          650    i.MemManage_Handler  stm32f4xx_it.o
    0x0800218a   0x00000002   Code   RO          651    i.NMI_Handler       stm32f4xx_it.o
    0x0800218c   0x00000020   Code   RO         2255    i.NVIC_SetPriority  stm32f4xx_hal_cortex.o
    0x080021ac   0x00000002   Code   RO          652    i.PendSV_Handler    stm32f4xx_it.o
    0x080021ae   0x00000002   PAD
    0x080021b0   0x00000020   Code   RO         2977    i.QActive_ctor      qf_qact.o
    0x080021d0   0x0000006c   Code   RO         2766    i.QActive_get_      qf_actq.o
    0x0800223c   0x0000007c   Code   RO         2767    i.QActive_postLIFO_  qf_actq.o
    0x080022b8   0x000000ac   Code   RO         2768    i.QActive_post_     qf_actq.o
    0x08002364   0x0000004c   Code   RO         2578    i.QActive_start_    qv.o
    0x080023b0   0x00000018   Code   RO         2991    i.QEQueue_init      qf_qeq.o
    0x080023c8   0x0000003c   Code   RO         2727    i.QF_add_           qf_act.o
    0x08002404   0x00000010   Code   RO         2728    i.QF_bzero          qf_act.o
    0x08002414   0x00000064   Code   RO         2851    i.QF_gc             qf_dyn.o
    0x08002478   0x00000048   Code   RO         2580    i.QF_init           qv.o
    0x080024c0   0x00000034   Code   RO          263    i.QF_onStartup      bsp.o
    0x080024f4   0x00000064   Code   RO         2855    i.QF_poolInit       qf_dyn.o
    0x08002558   0x00000010   Code   RO         2936    i.QF_psInit         qf_ps.o
    0x08002568   0x00000078   Code   RO         2581    i.QF_run            qv.o
    0x080025e0   0x000000ac   Code   RO         3036    i.QF_tickX_         qf_time.o
    0x0800268c   0x00000014   Code   RO         2626    i.QHsm_ctor         qep_hsm.o
    0x080026a0   0x000000f0   Code   RO         2627    i.QHsm_dispatch_    qep_hsm.o
    0x08002790   0x00000094   Code   RO         2628    i.QHsm_init_        qep_hsm.o
    0x08002824   0x00000004   Code   RO         2630    i.QHsm_top          qep_hsm.o
    0x08002828   0x0000010c   Code   RO         2631    i.QHsm_tran_        qep_hsm.o
    0x08002934   0x00000080   Code   RO         2903    i.QMPool_init       qf_mem.o
    0x080029b4   0x00000044   Code   RO         2904    i.QMPool_put        qf_mem.o
    0x080029f8   0x0000002a   Code   RO         2771    i.QTicker_dispatch_  qf_actq.o
    0x08002a22   0x00000006   Code   RO         2772    i.QTicker_init_     qf_actq.o
    0x08002a28   0x00000010   Code   RO         2773    i.QTicker_postLIFO_  qf_actq.o
    0x08002a38   0x00000044   Code   RO         2774    i.QTicker_post_     qf_actq.o
    0x08002a7c   0x00000068   Code   RO         3037    i.QTimeEvt_armX     qf_time.o
    0x08002ae4   0x00000038   Code   RO         3038    i.QTimeEvt_ctorX    qf_time.o
    0x08002b1c   0x00000050   Code   RO         3091    i.QV_init           qv_port.o
    0x08002b6c   0x00000008   Code   RO          264    i.QV_onIdle         bsp.o
    0x08002b74   0x00000002   Code   RO          265    i.Q_onAssert        bsp.o
    0x08002b76   0x00000002   Code   RO          653    i.SVC_Handler       stm32f4xx_it.o
    0x08002b78   0x00000014   Code   RO          266    i.SysTick_Handler   bsp.o
    0x08002b8c   0x0000009c   Code   RO          433    i.SystemClock_Config  main.o
    0x08002c28   0x00000054   Code   RO         2544    i.SystemInit        system_stm32f4xx.o
    0x08002c7c   0x00000010   Code   RO         1132    i.UART_DMAAbortOnError  stm32f4xx_hal_uart.o
    0x08002c8c   0x0000004a   Code   RO         1133    i.UART_DMAError     stm32f4xx_hal_uart.o
    0x08002cd6   0x0000003c   Code   RO         1134    i.UART_DMAReceiveCplt  stm32f4xx_hal_uart.o
    0x08002d12   0x0000000a   Code   RO         1136    i.UART_DMARxHalfCplt  stm32f4xx_hal_uart.o
    0x08002d1c   0x0000001c   Code   RO         1142    i.UART_EndRxTransfer  stm32f4xx_hal_uart.o
    0x08002d38   0x00000012   Code   RO         1143    i.UART_EndTxTransfer  stm32f4xx_hal_uart.o
    0x08002d4a   0x0000008c   Code   RO         1144    i.UART_Receive_IT   stm32f4xx_hal_uart.o
    0x08002dd6   0x00000002   PAD
    0x08002dd8   0x000002ac   Code   RO         1145    i.UART_SetConfig    stm32f4xx_hal_uart.o
    0x08003084   0x00000062   Code   RO         1146    i.UART_Transmit_IT  stm32f4xx_hal_uart.o
    0x080030e6   0x00000064   Code   RO         1147    i.UART_WaitOnFlagUntilTimeout  stm32f4xx_hal_uart.o
    0x0800314a   0x00000002   PAD
    0x0800314c   0x00000020   Code   RO          654    i.USART1_IRQHandler  stm32f4xx_it.o
    0x0800316c   0x00000020   Code   RO          655    i.USART6_IRQHandler  stm32f4xx_it.o
    0x0800318c   0x00000002   Code   RO          656    i.UsageFault_Handler  stm32f4xx_it.o
    0x0800318e   0x00000002   PAD
    0x08003190   0x0000007c   Code   RO          212    i.UsartReceive_IDLE  uartidle.o
    0x0800320c   0x00000074   Code   RO          375    i.User_TimeEvt      ao_user.o
    0x08003280   0x00000028   Code   RO          376    i.User_ctor         ao_user.o
    0x080032a8   0x0000001c   Code   RO          377    i.User_initial      ao_user.o
    0x080032c4   0x00000060   Code   RO          213    i.User_uart_init    uartidle.o
    0x08003324   0x00000002   Code   RO          434    i._Error_Handler    main.o
    0x08003326   0x00000002   PAD
    0x08003328   0x00000020   Code   RO         3347    i.__0printf         mc_w.l(printfa.o)
    0x08003348   0x00000028   Code   RO         3349    i.__0sprintf        mc_w.l(printfa.o)
    0x08003370   0x0000000e   Code   RO         3421    i.__scatterload_copy  mc_w.l(handlers.o)
    0x0800337e   0x00000002   Code   RO         3422    i.__scatterload_null  mc_w.l(handlers.o)
    0x08003380   0x0000000e   Code   RO         3423    i.__scatterload_zeroinit  mc_w.l(handlers.o)
    0x0800338e   0x00000002   PAD
    0x08003390   0x00000184   Code   RO         3354    i._fp_digits        mc_w.l(printfa.o)
    0x08003514   0x000006dc   Code   RO         3355    i._printf_core      mc_w.l(printfa.o)
    0x08003bf0   0x00000024   Code   RO         3356    i._printf_post_padding  mc_w.l(printfa.o)
    0x08003c14   0x0000002e   Code   RO         3357    i._printf_pre_padding  mc_w.l(printfa.o)
    0x08003c42   0x0000000a   Code   RO         3359    i._sputc            mc_w.l(printfa.o)
    0x08003c4c   0x00000018   Code   RO          214    i.fputc             uartidle.o
    0x08003c64   0x00000044   Code   RO          511    i.get_adc_average   adc.o
    0x08003ca8   0x00000044   Code   RO          512    i.get_adc_mid       adc.o
    0x08003cec   0x00000064   Code   RO          513    i.get_rank_adc      adc.o
    0x08003d50   0x0000008c   Code   RO          435    i.main              main.o
    0x08003ddc   0x00000032   Code   RO          151    i.rbCanRead         ringbuffer.o
    0x08003e0e   0x0000000c   Code   RO          153    i.rbCapacity        ringbuffer.o
    0x08003e1a   0x00000012   Code   RO          154    i.rbCreate          ringbuffer.o
    0x08003e2c   0x00000010   Code   RO          156    i.rbInit            ringbuffer.o
    0x08003e3c   0x0000007e   Code   RO          157    i.rbRead            ringbuffer.o
    0x08003eba   0x0000001c   Code   RO          158    i.rbSetPtr          ringbuffer.o
    0x08003ed6   0x00000002   PAD
    0x08003ed8   0x00000020   Code   RO           13    i.uart_Driver_Init  myuart.o
    0x08003ef8   0x00000008   Code   RO          215    i.user_send_nbyte   uartidle.o
    0x08003f00   0x00000004   Data   RO          379    .constdata          ao_user.o
    0x08003f04   0x00000008   Data   RO         1948    .constdata          stm32f4xx_hal_dma.o
    0x08003f0c   0x00000010   Data   RO         2545    .constdata          system_stm32f4xx.o
    0x08003f1c   0x00000008   Data   RO         2546    .constdata          system_stm32f4xx.o
    0x08003f24   0x00000003   Data   RO         2583    .constdata          qv.o
    0x08003f27   0x00000001   PAD
    0x08003f28   0x00000020   Data   RO         2632    .constdata          qep_hsm.o
    0x08003f48   0x00000007   Data   RO         2731    .constdata          qf_act.o
    0x08003f4f   0x00000001   PAD
    0x08003f50   0x00000020   Data   RO         2775    .constdata          qf_actq.o
    0x08003f70   0x00000007   Data   RO         2857    .constdata          qf_dyn.o
    0x08003f77   0x00000007   Data   RO         2905    .constdata          qf_mem.o
    0x08003f7e   0x00000002   PAD
    0x08003f80   0x00000014   Data   RO         2978    .constdata          qf_qact.o
    0x08003f94   0x00000008   Data   RO         3043    .constdata          qf_time.o
    0x08003f9c   0x00000020   Data   RO         3419    Region$$Table       anon$$obj.o


    Execution Region RW_IRAM1 (Base: 0x20000000, Size: 0x00001ca8, Max: 0x00020000, ABSOLUTE)

    Base Addr    Size         Type   Attr      Idx    E Section Name        Object

    0x20000000   0x00000004   Data   RW          439    .data               main.o
    0x20000004   0x0000000c   Data   RW         2397    .data               stm32f4xx_hal.o
    0x20000010   0x00000004   Data   RW         2547    .data               system_stm32f4xx.o
    0x20000014   0x00000004   Data   RW         2584    .data               qv.o
    0x20000018   0x00000004   Data   RW         2858    .data               qf_dyn.o
    0x2000001c   0x00000008   Data   RW         2939    .data               qf_ps.o
    0x20000024   0x00000004   Data   RW         3397    .data               mc_w.l(stdout.o)
    0x20000028   0x0000000c   Zero   RW           14    .bss                myuart.o
    0x20000034   0x00000824   Zero   RW          216    .bss                uartidle.o
    0x20000858   0x00000030   Zero   RW          378    .bss                ao_user.o
    0x20000888   0x00000018   Zero   RW          436    .bss                main.o
    0x200008a0   0x00000070   Zero   RW          437    .bss                main.o
    0x20000910   0x00000010   Zero   RW          438    .bss                main.o
    0x20000920   0x000000a8   Zero   RW          514    .bss                adc.o
    0x200009c8   0x00000200   Zero   RW          597    .bss                usart.o
    0x20000bc8   0x00000084   Zero   RW         2730    .bss                qf_act.o
    0x20000c4c   0x0000003c   Zero   RW         2856    .bss                qf_dyn.o
    0x20000c88   0x00000020   Zero   RW         3042    .bss                qf_time.o
    0x20000ca8   0x00001000   Zero   RW            1    STACK               startup_stm32f411xe.o


==============================================================================

Image component sizes


      Code (inc. data)   RO Data    RW Data    ZI Data      Debug   Object Name

       552        100          0          0        168       3834   adc.o
       184         46          4          0         48       2238   ao_user.o
        82          8          0          0          0      37066   bsp.o
       108          4          0          0          0        794   dma.o
       196         14          0          0          0        971   gpio.o
       298         38          0          4        152       3049   main.o
        32         16          0          0         12     407490   myuart.o
       680         26         32          0          0       8653   qep_hsm.o
        76         10          7          0        132       3862   qf_act.o
       536         38         32          0          0       6282   qf_actq.o
       200         28          7          4         60       2205   qf_dyn.o
       196         10          7          0          0       2107   qf_mem.o
        16          4          0          8          0       1230   qf_ps.o
        32          6         20          0          0        895   qf_qact.o
        24          0          0          0          0        983   qf_qeq.o
       332         24          8          0         32       3431   qf_time.o
       268         38          3          4          0       3850   qv.o
        80          8          0          0          0        498   qv_port.o
       250          0          0          0          0       4086   ringbuffer.o
        36          8        408          0       4096        840   startup_stm32f411xe.o
       144         24          0         12          0       3965   stm32f4xx_hal.o
      1426         62          0          0          0       8861   stm32f4xx_hal_adc.o
         2          0          0          0          0        993   stm32f4xx_hal_adc_ex.o
       228         14          0          0          0      32181   stm32f4xx_hal_cortex.o
       948         16          8          0          0       6498   stm32f4xx_hal_dma.o
       402         34          0          0          0       2412   stm32f4xx_hal_gpio.o
       132          6          0          0          0        918   stm32f4xx_hal_msp.o
      1272         82          0          0          0       5652   stm32f4xx_hal_rcc.o
      1944         28          0          0          0      13436   stm32f4xx_hal_uart.o
       152         56          0          0          0       7503   stm32f4xx_it.o
        84         18         24          4          0       1171   system_stm32f4xx.o
       252         32          0          0       2084       3632   uartidle.o
       552         96          0          0        512       2711   usart.o

    ----------------------------------------------------------------------
     11740        894        596         36       7296     584297   Object Totals
         0          0         32          0          0          0   (incl. Generated)
        24          0          4          0          0          0   (incl. Padding)

    ----------------------------------------------------------------------

      Code (inc. data)   RO Data    RW Data    ZI Data      Debug   Library Member Name

         0          0          0          0          0          0   entry.o
         0          0          0          0          0          0   entry10a.o
         0          0          0          0          0          0   entry11a.o
         8          4          0          0          0          0   entry2.o
         4          0          0          0          0          0   entry5.o
         0          0          0          0          0          0   entry7b.o
         0          0          0          0          0          0   entry8b.o
         8          4          0          0          0          0   entry9a.o
        30          0          0          0          0          0   handlers.o
        36          8          0          0          0         68   init.o
         0          0          0          0          0          0   iusefp.o
        30          0          0          0          0         68   llshl.o
        36          0          0          0          0         68   llsshr.o
        32          0          0          0          0         68   llushr.o
        36          0          0          0          0         68   memcpya.o
        36          0          0          0          0        108   memseta.o
      2308         96          0          0          0        604   printfa.o
         0          0          0          4          0          0   stdout.o
        44          0          0          0          0         80   uidiv.o
        98          0          0          0          0         92   uldiv.o
        48          0          0          0          0         68   cdrcmple.o
        56          0          0          0          0         88   d2f.o
       334          0          0          0          0        148   dadd.o
       222          0          0          0          0        100   ddiv.o
       186          0          0          0          0        176   depilogue.o
        48          0          0          0          0         68   dfixul.o
       228          0          0          0          0         96   dmul.o
        38          0          0          0          0         68   f2d.o
       110          0          0          0          0        168   fepilogue.o

    ----------------------------------------------------------------------
      3980        112          0          4          0       2204   Library Totals
         4          0          0          0          0          0   (incl. Padding)

    ----------------------------------------------------------------------

      Code (inc. data)   RO Data    RW Data    ZI Data      Debug   Library Name

      2706        112          0          4          0       1224   mc_w.l
      1270          0          0          0          0        980   mf_w.l

    ----------------------------------------------------------------------
      3980        112          0          4          0       2204   Library Totals

    ----------------------------------------------------------------------

==============================================================================


      Code (inc. data)   RO Data    RW Data    ZI Data      Debug   

     15720       1006        596         40       7296     572913   Grand Totals
     15720       1006        596         40       7296     572913   ELF Image Totals
     15720       1006        596         40          0          0   ROM Totals

==============================================================================

    Total RO  Size (Code + RO Data)                16316 (  15.93kB)
    Total RW  Size (RW Data + ZI Data)              7336 (   7.16kB)
    Total ROM Size (Code + RO Data + RW Data)      16356 (  15.97kB)

==============================================================================

